====================================================================
站点健康检查  |  分类 13  报告 206  首页 OK
====================================================================

[ERROR] 结构（53）
   content/ahut-campus.html                       结尾不是 </html>（疑似截断）
   content/ahut-campus.html                       <html> 出现 0 次
   content/ahut-campus.html                       <body> 出现 0 次
   content/ahut-campus.html                       </body> 出现 0 次
   content/ahut-campus.html                       <div> 配平差 +1
   content/byd-recruit.html                       结尾不是 </html>（疑似截断）
   content/byd-recruit.html                       <html> 出现 0 次
   content/byd-recruit.html                       <body> 出现 0 次
   content/byd-recruit.html                       </body> 出现 0 次
   content/car-recruit.html                       结尾不是 </html>（疑似截断）
   content/car-recruit.html                       <html> 出现 0 次
   content/car-recruit.html                       <body> 出现 0 次
   content/car-recruit.html                       </body> 出现 0 次
   content/chery-recruit.html                     结尾不是 </html>（疑似截断）
   content/chery-recruit.html                     <html> 出现 0 次
   content/chery-recruit.html                     <body> 出现 0 次
   content/chery-recruit.html                     </body> 出现 0 次
   content/drone-research.html                    结尾不是 </html>（疑似截断）
   content/drone-research.html                    <html> 出现 0 次
   content/drone-research.html                    <body> 出现 0 次
   content/drone-research.html                    </body> 出现 0 次
   content/future-planning.html                   结尾不是 </html>（疑似截断）
   content/future-planning.html                   <html> 出现 0 次
   content/future-planning.html                   <body> 出现 0 次
   content/future-planning.html                   </body> 出现 0 次
   content/geely-recruit.html                     结尾不是 </html>（疑似截断）
   content/geely-recruit.html                     <html> 出现 0 次
   content/geely-recruit.html                     <body> 出现 0 次
   content/geely-recruit.html                     </body> 出现 0 次
   content/mechanical-recruit.html                结尾不是 </html>（疑似截断）
   content/mechanical-recruit.html                <html> 出现 0 次
   content/mechanical-recruit.html                <body> 出现 0 次
   content/mechanical-recruit.html                </body> 出现 0 次
   content/research-institute.html                结尾不是 </html>（疑似截断）
   content/research-institute.html                <html> 出现 0 次
   content/research-institute.html                <body> 出现 0 次
   content/research-institute.html                </body> 出现 0 次
   content/school-news.html                       结尾不是 </html>（疑似截断）
   content/school-news.html                       <html> 出现 0 次
   content/school-news.html                       <body> 出现 0 次
   content/school-news.html                       </body> 出现 0 次
   content/traditional-auto.html                  结尾不是 </html>（疑似截断）
   content/traditional-auto.html                  <html> 出现 0 次
   content/traditional-auto.html                  <body> 出现 0 次
   content/traditional-auto.html                  </body> 出现 0 次
   content/weixiaoli-recruit.html                 结尾不是 </html>（疑似截断）
   content/weixiaoli-recruit.html                 <html> 出现 0 次
   content/weixiaoli-recruit.html                 <body> 出现 0 次
   content/weixiaoli-recruit.html                 </body> 出现 0 次
   content/xiaomi-recruit.html                    结尾不是 </html>（疑似截断）
   content/xiaomi-recruit.html                    <html> 出现 0 次
   content/xiaomi-recruit.html                    <body> 出现 0 次
   content/xiaomi-recruit.html                    </body> 出现 0 次

结果: 53 个错误, 0 个警告 → 需要修复
