[OK] 主页已更新: 11 张卡片刷新, 报告总数 291+
warning: in the working copy of '.workbuddy/memory/MEMORY.md', LF will be replaced by CRLF the next time Git touches it
warning: in the working copy of 'content/ahut-campus.html', LF will be replaced by CRLF the next time Git touches it
warning: in the working copy of 'content/car-recruit.html', LF will be replaced by CRLF the next time Git touches it
warning: in the working copy of 'content/chery-recruit.html', LF will be replaced by CRLF the next time Git touches it
warning: in the working copy of 'content/drone-research.html', LF will be replaced by CRLF the next time Git touches it
warning: in the working copy of 'content/future-planning.html', LF will be replaced by CRLF the next time Git touches it
warning: in the working copy of 'content/geely-recruit.html', LF will be replaced by CRLF the next time Git touches it
warning: in the working copy of 'content/mechanical-recruit.html', LF will be replaced by CRLF the next time Git touches it
warning: in the working copy of 'content/research-institute.html', LF will be replaced by CRLF the next time Git touches it
warning: in the working copy of 'content/school-news.html', LF will be replaced by CRLF the next time Git touches it
warning: in the working copy of 'content/traditional-auto.html', LF will be replaced by CRLF the next time Git touches it
warning: in the working copy of 'content/xiaomi-recruit.html', LF will be replaced by CRLF the next time Git touches it
warning: in the working copy of 'logs/push_20260924_regions.log', LF will be replaced by CRLF the next time Git touches it
warning: in the working copy of 'scripts/audit_site.py', LF will be replaced by CRLF the next time Git touches it
warning: in the working copy of '.workbuddy/memory/2026-09-25.md', LF will be replaced by CRLF the next time Git touches it
[注意] 最近 3 天缺失报告: 2026-09-24, 2026-09-23 （如需补齐，请为这些日期生成正文并分别构建）
======== 校验正文 ========
[READY] 11/11 通过校验
======== 构建报告 2026-09-24 ========
[..] 模板: report_20260925.html
[OK] 报告已生成: D:\研二\github.auto\repo\car-recruit\report_20260924.html (66225 bytes)
[OK] 索引已更新: D:\研二\github.auto\repo\car-recruit\index.html (共 22 份)
[..] 模板: report_20260925.html
[OK] 报告已生成: D:\研二\github.auto\repo\mechanical-recruit\report_20260924.html (74145 bytes)
[OK] 索引已更新: D:\研二\github.auto\repo\mechanical-recruit\index.html (共 21 份)
[..] 模板: report_20260925.html
[OK] 报告已生成: D:\研二\github.auto\repo\school-news\report_20260924.html (74238 bytes)
[OK] 索引已更新: D:\研二\github.auto\repo\school-news\index.html (共 23 份)
[..] 模板: report_20260925.html
[OK] 报告已生成: D:\研二\github.auto\repo\drone-research\report_20260924.html (68707 bytes)
[OK] 索引已更新: D:\研二\github.auto\repo\drone-research\index.html (共 22 份)
[..] 模板: report_20260925.html
[OK] 报告已生成: D:\研二\github.auto\repo\ahut-campus\report_20260924.html (70627 bytes)
[OK] 索引已更新: D:\研二\github.auto\repo\ahut-campus\index.html (共 21 份)
[..] 模板: report_20260925.html
[OK] 报告已生成: D:\研二\github.auto\repo\chery-recruit\report_20260924.html (73026 bytes)
[OK] 索引已更新: D:\研二\github.auto\repo\chery-recruit\index.html (共 21 份)
[..] 模板: report_20260925.html
[OK] 报告已生成: D:\研二\github.auto\repo\geely-recruit\report_20260924.html (71849 bytes)
[OK] 索引已更新: D:\研二\github.auto\repo\geely-recruit\index.html (共 20 份)
[..] 模板: report_20260925.html
[OK] 报告已生成: D:\研二\github.auto\repo\xiaomi-recruit\report_20260924.html (71054 bytes)
[OK] 索引已更新: D:\研二\github.auto\repo\xiaomi-recruit\index.html (共 21 份)
[..] 模板: report_20260925.html
[OK] 报告已生成: D:\研二\github.auto\repo\traditional-auto\report_20260924.html (80088 bytes)
[OK] 索引已更新: D:\研二\github.auto\repo\traditional-auto\index.html (共 21 份)
[..] 模板: report_20260925.html
[OK] 报告已生成: D:\研二\github.auto\repo\research-institute\report_20260924.html (71363 bytes)
[OK] 索引已更新: D:\研二\github.auto\repo\research-institute\index.html (共 19 份)
[..] 模板: report_20260925.html
[OK] 报告已生成: D:\研二\github.auto\repo\future-planning\report_20260924.html (75118 bytes)
[OK] 索引已更新: D:\研二\github.auto\repo\future-planning\index.html (共 20 份)
======== 更新主页 ========
======== 站点自查 ========
[OK] 站点自查通过
======== 提交推送 ========
[..] 走凭据直连通道推送…
[OK] 已推送 GitHub Pages（凭据兜底通道）
======== 汇总 ========
成功: car-recruit, mechanical-recruit, school-news, drone-research, ahut-campus, chery-recruit, geely-recruit, xiaomi-recruit, traditional-auto, research-institute, future-planning
