[OK] 主页已更新: 13 张卡片刷新, 报告总数 219+
[注意] 最近 3 天缺失报告: 2026-09-18, 2026-09-17, 2026-09-16 （如需补齐，请为这些日期生成正文并分别构建）
======== 校验正文 ========
[READY] 13/13 通过校验
======== 构建报告 2026-09-17 ========
[..] 模板: report_20260915.html
[OK] 报告已生成: D:\研二\github.auto\repo\car-recruit\report_20260917.html (71400 bytes)
[OK] 索引已更新: D:\研二\github.auto\repo\car-recruit\index.html (共 18 份)
[..] 模板: report_20260915.html
[OK] 报告已生成: D:\研二\github.auto\repo\mechanical-recruit\report_20260917.html (81006 bytes)
[OK] 索引已更新: D:\研二\github.auto\repo\mechanical-recruit\index.html (共 17 份)
[..] 模板: report_20260915.html
[OK] 报告已生成: D:\研二\github.auto\repo\school-news\report_20260917.html (69056 bytes)
[OK] 索引已更新: D:\研二\github.auto\repo\school-news\index.html (共 19 份)
[..] 模板: report_20260915.html
[OK] 报告已生成: D:\研二\github.auto\repo\drone-research\report_20260917.html (79386 bytes)
[OK] 索引已更新: D:\研二\github.auto\repo\drone-research\index.html (共 18 份)
[..] 模板: report_20260915.html
[OK] 报告已生成: D:\研二\github.auto\repo\ahut-campus\report_20260917.html (69168 bytes)
[OK] 索引已更新: D:\研二\github.auto\repo\ahut-campus\index.html (共 17 份)
[..] 模板: report_20260915.html
[OK] 报告已生成: D:\研二\github.auto\repo\byd-recruit\report_20260917.html (71041 bytes)
[OK] 索引已更新: D:\研二\github.auto\repo\byd-recruit\index.html (共 16 份)
[..] 模板: report_20260915.html
[OK] 报告已生成: D:\研二\github.auto\repo\chery-recruit\report_20260917.html (75969 bytes)
[OK] 索引已更新: D:\研二\github.auto\repo\chery-recruit\index.html (共 17 份)
[..] 模板: report_20260915.html
[OK] 报告已生成: D:\研二\github.auto\repo\geely-recruit\report_20260917.html (74821 bytes)
[OK] 索引已更新: D:\研二\github.auto\repo\geely-recruit\index.html (共 16 份)
[..] 模板: report_20260915.html
[OK] 报告已生成: D:\研二\github.auto\repo\xiaomi-recruit\report_20260917.html (68287 bytes)
[OK] 索引已更新: D:\研二\github.auto\repo\xiaomi-recruit\index.html (共 17 份)
[..] 模板: report_20260915.html
[OK] 报告已生成: D:\研二\github.auto\repo\weixiaoli-recruit\report_20260917.html (71706 bytes)
[OK] 索引已更新: D:\研二\github.auto\repo\weixiaoli-recruit\index.html (共 16 份)
[..] 模板: report_20260915.html
[OK] 报告已生成: D:\研二\github.auto\repo\traditional-auto\report_20260917.html (79761 bytes)
[OK] 索引已更新: D:\研二\github.auto\repo\traditional-auto\index.html (共 17 份)
[..] 模板: report_20260915.html
[OK] 报告已生成: D:\研二\github.auto\repo\research-institute\report_20260917.html (73974 bytes)
[OK] 索引已更新: D:\研二\github.auto\repo\research-institute\index.html (共 15 份)
[..] 模板: report_20260915.html
[OK] 报告已生成: D:\研二\github.auto\repo\future-planning\report_20260917.html (71273 bytes)
[OK] 索引已更新: D:\研二\github.auto\repo\future-planning\index.html (共 16 份)
======== 更新主页 ========
======== 站点自查 ========
[OK] 站点自查通过
======== 汇总 ========
成功: car-recruit, mechanical-recruit, school-news, drone-research, ahut-campus, byd-recruit, chery-recruit, geely-recruit, xiaomi-recruit, weixiaoli-recruit, traditional-auto, research-institute, future-planning
