唯一外链 475 条（来自 32 份正文）

[..] 17 条 https 首轮不通，先复测一次再回退 http

=== 结果 ===
有效: 456

https 不通但 http 可达（建议改写为 http）: 1 条
  [403] http://www.chinaautosupplier.com/show_article-92892.html   ← car-recruit.html

真正不通（需人工确认/替换）: 19 条
  [http=000] http://campus.nio.com/#/trends   ← car-recruit.html
  [http=000] http://campus.nio.com/?ref=toptrafficsites   ← weixiaoli-recruit.html
  [http=000] http://job.cas.cn/bns/resume/ResumeSubmit/toRecruitment.do?postInfo.id=13905&webOrPersonFlag=2   ← research-institute.html
  [https=412/http=412] https://auto.online.sh.cn/content/2026-08/07/content_10476649.htm   ← shanghai-news.html, shanghai-recruit.html
  [https=404/http=404] https://bigdata.wuxi.gov.cn/doc/2026/09/18/4833071.shtml   ← jiangsu-news.html, jiangsu-recruit.html
  [https=405/http=405] https://brand.lmjx.net/l_xcmg/news/p1/   ← xuzhou-news.html
  [https=000/http=000] https://campus.nio.com/   ← anhui-recruit.html
  [https=412/http=412] https://jobszqy.nwpu.edu.cn/f/recruitmentFair/show?recruitmentFairId=5d04317d35904e1ca2426fe969417198   ← shenzhen-recruit.html
  [https=000/http=502] https://m.nowcoder.com/feed/main/detail/f67a86240b5042fd8750a47c5b4d94e9?urlSource=home-api   ← future-planning.html
  [https=000/http=502] https://nowcoder.com/enterprise/14241   ← research-institute.html
  [https=202/http=202] https://www.carsdb.com/en/news/1859   ← shenzhen-recruit.html
  [https=521/http=521] https://www.hefei.gov.cn/zwfw/bmlqfwzq/bmfwzq/lysd/zkzp/111592711.html   ← hefei-recruit.html
  [https=000/http=502] https://www.moomoo.com/hant/news/post/74645817/geely-galaxy-tt-pre-sales-starts-at-about-21500-with?data_ticket=1789784285177543   ← hangzhou-news.html
  [https=000/http=502] https://www.nowcoder.com/enterprise/1064   ← jiangzhehu-recruit.html
  [https=000/http=502] https://www.nowcoder.com/enterprise/258883   ← hangzhou-recruit.html
  [https=412/http=412] https://www.pudong.gov.cn/china-shftz/tzgg/20260826/832034.html   ← shanghai-news.html, shanghai-recruit.html
  [https=000/http=000] https://www.saicmotor.com/   ← shanghai-recruit.html
  [https=000/http=521] https://www.scio.gov.cn/zdgz/jj/202511/t20251110_938367.html   ← ahut-campus.html, school-news.html
  [https=000/http=502] https://www.tradingview.com/news/DJN_DN20260918001733:0   ← jiangzhehu-news.html, jiangzhehu-recruit.html

[OK] 已改写 1 份正文的 http 链接
