唯一外链 433 条（来自 34 份正文）

[..] 20 条 https 首轮不通，先复测一次再回退 http

=== 结果 ===
有效: 422

https 不通但 http 可达（建议改写为 http）: 8 条
  [200] http://ah.people.com.cn/n2/2026/1008/c227767-41715998.html   ← hefei-news.html
  [301] http://hkcd.com.hk/hkcdweb/content/2026/10/01/content_8778156.html   ← anhui-news.html
  [200] http://hs.china.com.cn/2026-05/26/content_43436157.html   ← shenzhen-news.html
  [200] http://js.people.com.cn/n2/2026/1009/c360302-41716524.html   ← jiangsu-news.html
  [200] http://www.igg.cas.cn/rcjy/rczp/202609/t20260924_8286917.html   ← research-institute.html
  [200] http://www.njyh.gov.cn/ywdt/wsgs/202610/t20261008_5920982.html   ← nanjing-recruit.html
  [200] http://www.phrcsc.com.cn/content/jobfairout/show/com/1230.html   ← mechanical-recruit.html
  [403] http://www.sspnote.com/company/638/note   ← chery-insider.html

真正不通（需人工确认/替换）: 11 条
  [https=412/http=412] https://job.bupt.edu.cn/f/recruitmentFair/show?recruitmentFairId=26100362da4e43a298740590756712ee   ← hangzhou-recruit.html
  [https=000/http=000] https://nowcoder.com/enterprise/9123   ← car-recruit.html, traditional-auto.html
  [https=404/http=404] https://www.163.com/dy/article/L8C2SP81055616YB.html   ← company-reputation.html
  [https=000/http=000] https://www.eet-china.com/mp/a203287.html   ← company-reputation.html
  [https=000/http=000] https://www.nowcoder.com/discuss/919350156019892224   ← company-reputation.html
  [https=000/http=000] https://www.nowcoder.com/enterprise/12240   ← car-recruit.html
  [https=000/http=000] https://www.nowcoder.com/feed/main/detail/69ae23153ac34d4dae2c31d96008a74c   ← chery-insider.html
  [https=000/http=000] https://www.nowcoder.com/feed/main/detail/9c1e56e57a4d48c1a3814081d71f2614   ← future-planning.html
  [https=000/http=000] https://www.nowcoder.com/feed/main/detail/e813e842aa5941d0baf3fb6b19221cc0   ← chery-insider.html
  [https=503/http=503] https://www.pcauto.com.cn/hj/article/3569821.html   ← geely-recruit.html
  [https=412/http=412] https://zhaopin.sgcc.com.cn/sgcchr/static/unitPart.html?bullet_id=00b022e791aa4c5a92dac07a77ea7147&particulars=flase   ← nanjing-recruit.html

[OK] 已改写 8 份正文的 http 链接
