唯一外链 456 条（来自 34 份正文）

[..] 26 条 https 首轮不通，先复测一次再回退 http

=== 结果 ===
有效: 445

https 不通但 http 可达（建议改写为 http）: 13 条
  [302] http://campus.nio.com/?ref=toptrafficsites#/   ← hefei-recruit.html, weixiaoli-recruit.html
  [200] http://e-carhome.com/newsDetail/0611722371.html   ← hefei-news.html
  [302] http://job.bjbys.net.cn/student/jobs/8AkNMjfPt1nVaM5j4awV2n/corp.html?mianshi   ← hefei-recruit.html
  [200] http://job.njtu.edu.cn/f/recruitmentFair/show?recruitmentFairId=bd2794638e8546f4ad8d8526005e21a1   ← car-recruit.html
  [200] http://kpzg.people.com.cn/BIG5/n1/2026/0519/c404214-40722460.html   ← shenzhen-recruit.html
  [200] http://politics.people.com.cn/BIG5/n1/2025/1014/c1001-40581905.html   ← future-planning.html
  [403] http://www.315online.com/info/414577.html   ← chery-insider.html
  [200] http://www.cs.hust.edu.cn/info/1404/6006.htm   ← car-recruit.html
  [301] http://www.hahazhao.com/square/3001   ← weixiaoli-recruit.html
  [301] http://www.hahazhao.com/square/3185   ← weixiaoli-recruit.html
  [200] http://www.pcauto.com.cn/hj/article/3564854.html   ← hefei-news.html
  [200] http://www.sia.cas.cn/zpjy/rczp/zpxx/ptzp/202609/t20260929_8287692.html   ← research-institute.html
  [200] http://www.tibet.cn/cn/in/gjfy/202610/t20261005_8055470.html   ← supply-chain-recruit.html

真正不通（需人工确认/替换）: 11 条
  [https=000/http=000] https://ac.nowcoder.com/discuss/434402   ← chery-insider.html
  [https=412/http=412] https://job.nwpu.edu.cn/f/recruitmentFair/show?recruitmentFairId=8a9d850046e9448fb2657da6d5cd8593   ← mechanical-recruit.html
  [https=000/http=000] https://www.cqbys.com/teachin/view/id/134504/mark   ← anhui-recruit.html
  [https=000/http=000] https://www.eet-china.com/mp/a466185.html   ← chery-insider.html
  [https=000/http=000] https://www.eet-china.com/mp/a528877.html   ← supply-chain-recruit.html
  [https=521/http=521] https://www.hefei.gov.cn/mlhf/ts/cs/112750223.html   ← hefei-news.html
  [https=000/http=000] https://www.itdcw.com/news/focus/100515S052026.html   ← supply-chain-recruit.html
  [https=000/http=000] https://www.nowcoder.com/feed/main/detail/d6447a00f1ea42c2a0ea4d51429fc0ce   ← chery-insider.html
  [https=000/http=000] https://www.nowcoder.com/jobs/detail/459625?pageSource=5012   ← xiaomi-recruit.html
  [https=000/http=000] https://www.nowcoder.com/jobs/detail/461986?pageSource=5012   ← shenzhen-recruit.html
  [https=503/http=503] https://www.pcauto.com.cn/hj/article/3568153.html   ← geely-recruit.html

[OK] 已改写 9 份正文的 http 链接
