唯一外链 476 条（来自 34 份正文）

[..] 31 条 https 首轮不通，先复测一次再回退 http

=== 结果 ===
有效: 455

https 不通但 http 可达（建议改写为 http）: 7 条
  [200] http://business.china.com.cn/2026-04/27/content_43413979.shtml   ← shenzhen-news.html
  [302] http://campus.nio.com/   ← car-recruit.html, shanghai-recruit.html
  [302] http://campus.nio.com/?open_in_browser=true   ← school-news.html
  [200] http://hndqzy.bibibi.net/detail/jobfair?id=31455   ← hefei-recruit.html
  [200] http://hs.china.com.cn/2026-05/28/content_43437748.html   ← shenzhen-news.html
  [307] http://xiaomi.jobs.f.mioffice.cn/campus/position/7675292531442010410/detail   ← car-recruit.html, xiaomi-recruit.html
  [307] http://xiaomi.jobs.f.mioffice.cn/referral/campus/position/7670918538810951987/detail?token=NTsxNzg2NTM2MTY4OTc3Ozc1MjMwMzg5MzEyMTExMDg0NjA7NzY3MzExMDM1MzEzOTgyOTAxMTsxLzE   ← xiaomi-recruit.html

真正不通（需人工确认/替换）: 21 条
  [http=000] http://campus.nio.com/?ref=toptrafficsites#/   ← weixiaoli-recruit.html
  [http=000] http://rwkx.sntcm.edu.cn/rcpy/sx/123672.htm   ← future-planning.html
  [https=404/http=404] https://cjxy.91wllm.cn/largefairs/company/id/8774/sid/5   ← anhui-recruit.html
  [https=404/http=404] https://cug.91wllm.cn/en/job/view/id/2385178   ← jiangsu-recruit.html
  [https=521/http=521] https://drc.hefei.gov.cn/zxdt/tpxw/15594627.html   ← hefei-news.html
  [https=429/http=429] https://expo.11467.com/info/7546808.htm   ← shanghai-news.html
  [https=483/http=483] https://job.ncepu.edu.cn/xjh/9c8cfdce7b4a41198c7520092a7d274f.htm   ← shenzhen-recruit.html
  [https=483/http=483] https://jy.scu.edu.cn/index/index/employdetail.html?data=MDAwMDAwMDAwMJG6n3_Ed6imi4qQtLh5eN-Kzra2yGHRp7ugzc-GnZ2skMx9ZMN4gtKLipCwxKF0lZC5sq-0gqJv   ← nanjing-recruit.html
  [https=483/http=483] https://jy.scu.edu.cn/index/index/employjobdetail.html?data=MDAwMDAwMDAwMJG6n3_Ed6imi4qQtLh4Y5WKuLbSspzddricp9CWi5qikaeWacSdqLqGfaK2w4iil5C4zNbGiL-E   ← shenzhen-recruit.html
  [https=483/http=483] https://jy.scu.edu.cn/index/index/employjobdetail.html?data=MDAwMDAwMDAwMJG6n3_Ed6imi4qQtLh4Y9yK0dSqsobddricp9CWi5qikaeWacSdqLqGfaK2w4iil5C4zNbGiL-E   ← jiangzhehu-recruit.html
  [https=468/http=468] https://m.zgong.com/News/detail/81415.html   ← xuzhou-news.html
  [https=000/http=000] https://wdatacn.aastocks.com/sc/(Z(@@n7cjDGdCXMF=acx%7B%7B%7Bbxss.me%7D%7D%7Dxca))/stocks/news/aafn-con/NOW.1505373/latest-news/AAFN   ← supply-chain-recruit.html
  [https=404/http=404] https://whicu.91wllm.cn/largefairs/company/id/8637/sid/45   ← anhui-recruit.html
  [https=404/http=404] https://wustyjs.91wllm.cn/teachin/view/id/250122   ← geely-recruit.html
  [https=404/http=404] https://www.163.com/dy/article/L862IEQ5055616Z4.html   ← shanghai-news.html
  [https=404/http=404] https://www.91wllm.cn/job/view/id/2385178/from_type/4/from_id/1001669   ← jiangsu-recruit.html
  [https=000/http=000] https://www.channelnewsasia.com/media-release/overseas-range-records-zero-carbon-factories-chery-auto-showcase-green-technology-2026-chery-international-user-summit-6423336   ← anhui-news.html
  [https=521/http=521] https://www.hefei.gov.cn/ssxw/zwyw/112745356.html   ← anhui-news.html
  [https=521/http=521] https://www.hefei.gov.cn/ssxw/zwyw/112750298.html   ← hefei-news.html
  [https=000/http=000] https://www.nowcoder.com/discuss/867085155465191424   ← future-planning.html
  [https=503/http=503] https://www.pcauto.com.cn/hj/article/3568153.html   ← geely-recruit.html, hangzhou-news.html

[OK] 已改写 6 份正文的 http 链接
