唯一外链 306 条（来自 34 份正文）

[..] 20 条 https 首轮不通，先复测一次再回退 http

=== 结果 ===
有效: 297

https 不通但 http 可达（建议改写为 http）: 5 条
  [302] http://campus.nio.com/   ← weixiaoli-recruit.html
  [302] http://campus.nio.com/#/trends   ← car-recruit.html
  [200] http://job.njtu.edu.cn/f/recruitmentFair/show?recruitmentFairId=bceb01829c5b4d5d82d620a687c8ec8a   ← anhui-recruit.html, traditional-auto.html
  [403] http://www.525hr.com/new/10009.html   ← future-planning.html
  [403] http://www.sspnote.com/company/638/note   ← chery-insider.html

真正不通（需人工确认/替换）: 9 条
  [https=000/http=000] https://ac.nowcoder.com/discuss/434402   ← chery-insider.html
  [https=521/http=521] https://gzw.hefei.gov.cn/gzdt/tzgg/15615529.html   ← anhui-recruit.html
  [https=483/http=483] https://jy.scu.edu.cn/index/index/employjobdetail.html?data=MDAwMDAwMDAwMJG6n3_Ed6imi4qQtLh4Y5aKutTOsmHddricp9CWi5qikaeWacSdqLqGfaK2w4iil5C4zNbGiL-E   ← hefei-recruit.html
  [https=000/http=000] https://nowcoder.com/enterprise/12240   ← jiangsu-recruit.html
  [https=404/http=404] https://www.91wllm.cn/job/viewgqzw/id/2387701   ← jiangsu-recruit.html
  [https=000/http=000] https://www.job592.com/pay/com26081439.html?jobid=726   ← chery-insider.html
  [https=000/http=000] https://www.nowcoder.com/discuss/654683881366433792   ← chery-insider.html
  [https=000/http=000] https://www.nowcoder.com/discuss/919350156019892224   ← company-reputation.html
  [https=000/http=000] https://zbjy.nuc.edu.cn/detail/online?id=3613117&menu_id=   ← research-institute.html
