唯一外链 511 条（来自 34 份正文）

[..] 40 条 https 首轮不通，先复测一次再回退 http

=== 结果 ===
有效: 489

https 不通但 http 可达（建议改写为 http）: 14 条
  [200] http://ah.people.com.cn/BIG5/n2/2026/0812/c375162-41665697.html   ← anhui-news.html
  [403] http://blog.tipranks.com/guangzhou-automobile-group-sees-september-car-output-slump-as-ev-sales-surge   ← traditional-auto.html
  [301] http://cnyouth.com/5a357e3e39.html   ← company-reputation.html
  [403] http://en.actualidadmotor.com/xiaomi-anuncia-la-llegada-de-sus-coches-electricos-a-europa/   ← xiaomi-recruit.html
  [200] http://hanguljobs.com/jobs/job-fef72a   ← nanjing-recruit.html
  [200] http://hncjzf.bibibi.net/module/careers?type=outer   ← mechanical-recruit.html
  [302] http://job.bjbys.net.cn/student/jobs/Lhvwj6M6xnVFTpWWYyZWow/detail.html   ← hefei-recruit.html
  [200] http://kpzg.people.com.cn/BIG5/n1/2026/0519/c404214-40722460.html   ← byd-recruit.html
  [302] http://www.circ.gov.cntg.ncss.cn/ncss/zt/2027xyzp.shtml   ← future-planning.html
  [200] http://www.cs.hust.edu.cn/info/1404/6006.htm   ← hangzhou-recruit.html
  [301] http://www.glassdoor.com/Reviews/Dongfeng-Motor-Reviews-E40058.htm   ← company-reputation.html
  [200] http://www.jdjob88.com/jobs/52661294.html   ← xuzhou-recruit.html
  [301] http://www.manilatimes.net/2026/10/08/tmt-newswire/globenewswire/changan-automobile-to-make-major-announcements-at-mondial-de-lauto-2026/2441240   ← traditional-auto.html
  [200] http://www.pincainet.com/article/content/8069.html   ← xuzhou-recruit.html

真正不通（需人工确认/替换）: 22 条
  [http=000] http://campus.nio.com/   ← hefei-recruit.html
  [http=204] http://m.jsrw.cn/h-nd-55670.html   ← xuzhou-recruit.html
  [https=000/http=000] https://cqu.cqbys.com/en/teachin/view/id/132786   ← research-institute.html
  [https=000/http=000] https://cqu.cqbys.com/teachin/view?id=132946   ← research-institute.html
  [https=521/http=521] https://gxq.hefei.gov.cn/tzgg/18965839.html   ← hefei-recruit.html
  [https=521/http=521] https://gxq.hefei.gov.cn/xwdt/mtjj/18979227.html   ← hefei-news.html
  [https=412/http=412] https://job.ahu.edu.cn/2026/1009/c25015a402338/page.htm   ← mechanical-recruit.html
  [https=000/http=000] https://jxgcxy.ahut.edu.cn/index.htm   ← ahut-campus.html
  [https=000/http=000] https://jxgcxy.ahut.edu.cn/info/2597/16419.htm   ← ahut-campus.html
  [https=468/http=468] https://m.zgong.com/News/detail/81415.html   ← xuzhou-news.html
  [https=000/http=000] https://macaubusiness.com/chery-auto-to-showcase-nearly-20-green-technology-and-ecosystem-innovations-2026-chery-international-user-summit-opens-in-october   ← anhui-news.html
  [https=521/http=521] https://rsj.hefei.gov.cn/zxzx/tzgg/15617779.html   ← hefei-recruit.html
  [https=404/http=404] https://www.ciif-sh.cn?gongsi/114.html   ← shanghai-news.html
  [https=000/http=000] https://www.cqbys.com/campus/view/id/735886   ← anhui-recruit.html
  [https=000/http=000] https://www.cqbys.com/jobfair91/stand/sid/298290   ← supply-chain-recruit.html
  [https=000/http=000] https://www.eet-china.com/mp/a357564.html   ← company-reputation.html
  [https=521/http=521] https://www.hefei.gov.cn/public/1741/112661033.html   ← anhui-news.html
  [https=000/http=000] https://www.moomoo.com/hans/news/post/1000509387/geely-september-sales-rise-7-to-2026-high-as-record   ← geely-recruit.html
  [https=503/http=503] https://www.pcauto.com.cn/hj/article/3568153.html   ← geely-recruit.html
  [https=404/http=404] https://www.sfccn.com/2026-10-9/yOMDE0NzNfMjI2NDIyOA.html   ← shenzhen-news.html
  [https=000/http=000] https://xsjy.whu.edu.cn/f/recruitmentinfo/show?recruitmentId=d02b9fe82b0248748d1b30f4443b322e   ← jiangsu-recruit.html
  [https=000/http=404] https://z5.wjhr.net/Information/Read.aspx?id=9747   ← jiangzhehu-recruit.html

[OK] 已改写 11 份正文的 http 链接
