[ERROR] 该分类下没有任何历史报告可作为模板: xuzhou-recruit
[ERROR] 该分类下没有任何历史报告可作为模板: nanjing-recruit
[ERROR] 该分类下没有任何历史报告可作为模板: shanghai-recruit
[ERROR] 该分类下没有任何历史报告可作为模板: hangzhou-recruit
[ERROR] 该分类下没有任何历史报告可作为模板: jiangzhehu-recruit
[ERROR] 该分类下没有任何历史报告可作为模板: hefei-recruit
[ERROR] 该分类下没有任何历史报告可作为模板: anhui-recruit
[ERROR] 该分类下没有任何历史报告可作为模板: jiangsu-recruit
[ERROR] 该分类下没有任何历史报告可作为模板: shenzhen-recruit
[OK] 主页已更新: 0 张卡片刷新, 报告总数 323+
warning: in the working copy of '.workbuddy/memory/automations/6c0d7c75-5de1-4573-84d2-a50b7870b3d9/memory.md', LF will be replaced by CRLF the next time Git touches it
warning: in the working copy of 'content/car-recruit.html', LF will be replaced by CRLF the next time Git touches it
warning: in the working copy of 'logs/push_20260926.log', LF will be replaced by CRLF the next time Git touches it
warning: in the working copy of 'scripts/audit_site.py', LF will be replaced by CRLF the next time Git touches it
warning: in the working copy of 'scripts/build_digest.py', LF will be replaced by CRLF the next time Git touches it
warning: in the working copy of 'scripts/fix_site.py', LF will be replaced by CRLF the next time Git touches it
warning: in the working copy of 'scripts/publish_all.py', LF will be replaced by CRLF the next time Git touches it
warning: in the working copy of 'scripts/strict_check.py', LF will be replaced by CRLF the next time Git touches it
warning: in the working copy of 'scripts/tail_template.py', LF will be replaced by CRLF the next time Git touches it
warning: in the working copy of 'scripts/update_homepage.py', LF will be replaced by CRLF the next time Git touches it
warning: in the working copy of '.workbuddy/memory/2026-09-26.md', LF will be replaced by CRLF the next time Git touches it
warning: in the working copy of '.workbuddy/memory/automations/f7c42b9c-b4d3-4e9c-9f13-63c6ae8ce684/memory.md', LF will be replaced by CRLF the next time Git touches it
warning: in the working copy of 'content/anhui-recruit.html', LF will be replaced by CRLF the next time Git touches it
warning: in the working copy of 'content/hangzhou-recruit.html', LF will be replaced by CRLF the next time Git touches it
warning: in the working copy of 'content/hefei-recruit.html', LF will be replaced by CRLF the next time Git touches it
warning: in the working copy of 'content/jiangsu-recruit.html', LF will be replaced by CRLF the next time Git touches it
warning: in the working copy of 'content/jiangzhehu-recruit.html', LF will be replaced by CRLF the next time Git touches it
warning: in the working copy of 'content/nanjing-recruit.html', LF will be replaced by CRLF the next time Git touches it
warning: in the working copy of 'content/shanghai-recruit.html', LF will be replaced by CRLF the next time Git touches it
warning: in the working copy of 'content/shenzhen-recruit.html', LF will be replaced by CRLF the next time Git touches it
warning: in the working copy of 'content/xuzhou-recruit.html', LF will be replaced by CRLF the next time Git touches it
warning: in the working copy of 'logs/bootstrap_recruit_regions.py', LF will be replaced by CRLF the next time Git touches it
[注意] 最近 3 天缺失报告: 2026-09-25, 2026-09-24 （如需补齐，请为这些日期生成正文并分别构建）
======== 校验正文 ========
[READY] 32/32 通过校验
======== 构建报告 2026-09-26 ========
[..] 模板: report_20260925.html
[OK] 报告已生成: d:\研二\github.auto\repo\car-recruit\report_20260926.html (70965 bytes)
[OK] 索引已更新: d:\研二\github.auto\repo\car-recruit\index.html (共 23 份)
[..] 模板: report_20260925.html
[OK] 报告已生成: d:\研二\github.auto\repo\mechanical-recruit\report_20260926.html (80836 bytes)
[OK] 索引已更新: d:\研二\github.auto\repo\mechanical-recruit\index.html (共 22 份)
[..] 模板: report_20260925.html
[OK] 报告已生成: d:\研二\github.auto\repo\school-news\report_20260926.html (72882 bytes)
[OK] 索引已更新: d:\研二\github.auto\repo\school-news\index.html (共 24 份)
[..] 模板: report_20260925.html
[OK] 报告已生成: d:\研二\github.auto\repo\drone-research\report_20260926.html (73363 bytes)
[OK] 索引已更新: d:\研二\github.auto\repo\drone-research\index.html (共 23 份)
[..] 模板: report_20260925.html
[OK] 报告已生成: d:\研二\github.auto\repo\ahut-campus\report_20260926.html (72771 bytes)
[OK] 索引已更新: d:\研二\github.auto\repo\ahut-campus\index.html (共 22 份)
[..] 模板: report_20260925.html
[OK] 报告已生成: d:\研二\github.auto\repo\byd-recruit\report_20260926.html (71953 bytes)
[OK] 索引已更新: d:\研二\github.auto\repo\byd-recruit\index.html (共 21 份)
[..] 模板: report_20260925.html
[OK] 报告已生成: d:\研二\github.auto\repo\chery-recruit\report_20260926.html (74238 bytes)
[OK] 索引已更新: d:\研二\github.auto\repo\chery-recruit\index.html (共 22 份)
[..] 模板: report_20260925.html
[OK] 报告已生成: d:\研二\github.auto\repo\geely-recruit\report_20260926.html (70536 bytes)
[OK] 索引已更新: d:\研二\github.auto\repo\geely-recruit\index.html (共 21 份)
[..] 模板: report_20260925.html
[OK] 报告已生成: d:\研二\github.auto\repo\xiaomi-recruit\report_20260926.html (69421 bytes)
[OK] 索引已更新: d:\研二\github.auto\repo\xiaomi-recruit\index.html (共 22 份)
[..] 模板: report_20260925.html
[OK] 报告已生成: d:\研二\github.auto\repo\weixiaoli-recruit\report_20260926.html (73826 bytes)
[OK] 索引已更新: d:\研二\github.auto\repo\weixiaoli-recruit\index.html (共 21 份)
[..] 模板: report_20260925.html
[OK] 报告已生成: d:\研二\github.auto\repo\traditional-auto\report_20260926.html (75848 bytes)
[OK] 索引已更新: d:\研二\github.auto\repo\traditional-auto\index.html (共 22 份)
[..] 模板: report_20260925.html
[OK] 报告已生成: d:\研二\github.auto\repo\supply-chain-recruit\report_20260926.html (73775 bytes)
[OK] 索引已更新: d:\研二\github.auto\repo\supply-chain-recruit\index.html (共 3 份)
[..] 模板: report_20260925.html
[OK] 报告已生成: d:\研二\github.auto\repo\research-institute\report_20260926.html (75286 bytes)
[OK] 索引已更新: d:\研二\github.auto\repo\research-institute\index.html (共 20 份)
[..] 模板: report_20260925.html
[OK] 报告已生成: d:\研二\github.auto\repo\future-planning\report_20260926.html (69696 bytes)
[OK] 索引已更新: d:\研二\github.auto\repo\future-planning\index.html (共 21 份)
[..] 模板: report_20260925.html
[OK] 报告已生成: d:\研二\github.auto\repo\xuzhou-news\report_20260926.html (67444 bytes)
[OK] 索引已更新: d:\研二\github.auto\repo\xuzhou-news\index.html (共 3 份)
[..] 模板: report_20260925.html
[OK] 报告已生成: d:\研二\github.auto\repo\nanjing-news\report_20260926.html (65654 bytes)
[OK] 索引已更新: d:\研二\github.auto\repo\nanjing-news\index.html (共 3 份)
[..] 模板: report_20260925.html
[OK] 报告已生成: d:\研二\github.auto\repo\shanghai-news\report_20260926.html (66393 bytes)
[OK] 索引已更新: d:\研二\github.auto\repo\shanghai-news\index.html (共 3 份)
[..] 模板: report_20260925.html
[OK] 报告已生成: d:\研二\github.auto\repo\hangzhou-news\report_20260926.html (66101 bytes)
[OK] 索引已更新: d:\研二\github.auto\repo\hangzhou-news\index.html (共 3 份)
[..] 模板: report_20260925.html
[OK] 报告已生成: d:\研二\github.auto\repo\jiangzhehu-news\report_20260926.html (63860 bytes)
[OK] 索引已更新: d:\研二\github.auto\repo\jiangzhehu-news\index.html (共 3 份)
[..] 模板: report_20260925.html
[OK] 报告已生成: d:\研二\github.auto\repo\hefei-news\report_20260926.html (67387 bytes)
[OK] 索引已更新: d:\研二\github.auto\repo\hefei-news\index.html (共 3 份)
[..] 模板: report_20260925.html
[OK] 报告已生成: d:\研二\github.auto\repo\anhui-news\report_20260926.html (65994 bytes)
[OK] 索引已更新: d:\研二\github.auto\repo\anhui-news\index.html (共 3 份)
[..] 模板: report_20260925.html
[OK] 报告已生成: d:\研二\github.auto\repo\jiangsu-news\report_20260926.html (66061 bytes)
[OK] 索引已更新: d:\研二\github.auto\repo\jiangsu-news\index.html (共 3 份)
[..] 模板: report_20260925.html
[OK] 报告已生成: d:\研二\github.auto\repo\shenzhen-news\report_20260926.html (65297 bytes)
[OK] 索引已更新: d:\研二\github.auto\repo\shenzhen-news\index.html (共 3 份)
[FAIL] xuzhou-recruit 构建失败: 1
[FAIL] nanjing-recruit 构建失败: 1
[FAIL] shanghai-recruit 构建失败: 1
[FAIL] hangzhou-recruit 构建失败: 1
[FAIL] jiangzhehu-recruit 构建失败: 1
[FAIL] hefei-recruit 构建失败: 1
[FAIL] anhui-recruit 构建失败: 1
[FAIL] jiangsu-recruit 构建失败: 1
[FAIL] shenzhen-recruit 构建失败: 1
======== 更新主页 ========
======== 站点自查 ========
[OK] 站点自查通过
======== 提交推送 ========
[..] 走凭据直连通道推送…
[OK] 已推送 GitHub Pages（凭据兜底通道）
======== 汇总 ========
成功: car-recruit, mechanical-recruit, school-news, drone-research, ahut-campus, byd-recruit, chery-recruit, geely-recruit, xiaomi-recruit, weixiaoli-recruit, traditional-auto, supply-chain-recruit, research-institute, future-planning, xuzhou-news, nanjing-news, shanghai-news, hangzhou-news, jiangzhehu-news, hefei-news, anhui-news, jiangsu-news, shenzhen-news, xuzhou-recruit, nanjing-recruit, shanghai-recruit, hangzhou-recruit, jiangzhehu-recruit, hefei-recruit, anhui-recruit, jiangsu-recruit, shenzhen-recruit
