[OK] 主页已更新: 34 张卡片刷新, 报告总数 424+
[OK] sitemap.xml 已生成：463 条 URL
warning: in the working copy of '.workbuddy/memory/automations/f7c42b9c-b4d3-4e9c-9f13-63c6ae8ce684/memory.md', LF will be replaced by CRLF the next time Git touches it
warning: in the working copy of 'content/ahut-campus.html', LF will be replaced by CRLF the next time Git touches it
warning: in the working copy of 'content/anhui-news.html', LF will be replaced by CRLF the next time Git touches it
warning: in the working copy of 'content/anhui-recruit.html', LF will be replaced by CRLF the next time Git touches it
warning: in the working copy of 'content/byd-recruit.html', LF will be replaced by CRLF the next time Git touches it
warning: in the working copy of 'content/car-recruit.html', LF will be replaced by CRLF the next time Git touches it
warning: in the working copy of 'content/chery-insider.html', LF will be replaced by CRLF the next time Git touches it
warning: in the working copy of 'content/chery-recruit.html', LF will be replaced by CRLF the next time Git touches it
warning: in the working copy of 'content/drone-research.html', LF will be replaced by CRLF the next time Git touches it
warning: in the working copy of 'content/future-planning.html', LF will be replaced by CRLF the next time Git touches it
warning: in the working copy of 'content/geely-recruit.html', LF will be replaced by CRLF the next time Git touches it
warning: in the working copy of 'content/hangzhou-news.html', LF will be replaced by CRLF the next time Git touches it
warning: in the working copy of 'content/hangzhou-recruit.html', LF will be replaced by CRLF the next time Git touches it
warning: in the working copy of 'content/hefei-news.html', LF will be replaced by CRLF the next time Git touches it
warning: in the working copy of 'content/hefei-recruit.html', LF will be replaced by CRLF the next time Git touches it
warning: in the working copy of 'content/jiangsu-news.html', LF will be replaced by CRLF the next time Git touches it
warning: in the working copy of 'content/jiangsu-recruit.html', LF will be replaced by CRLF the next time Git touches it
warning: in the working copy of 'content/jiangzhehu-news.html', LF will be replaced by CRLF the next time Git touches it
warning: in the working copy of 'content/jiangzhehu-recruit.html', LF will be replaced by CRLF the next time Git touches it
warning: in the working copy of 'content/mechanical-recruit.html', LF will be replaced by CRLF the next time Git touches it
warning: in the working copy of 'content/nanjing-news.html', LF will be replaced by CRLF the next time Git touches it
warning: in the working copy of 'content/nanjing-recruit.html', LF will be replaced by CRLF the next time Git touches it
warning: in the working copy of 'content/research-institute.html', LF will be replaced by CRLF the next time Git touches it
warning: in the working copy of 'content/school-news.html', LF will be replaced by CRLF the next time Git touches it
warning: in the working copy of 'content/shanghai-news.html', LF will be replaced by CRLF the next time Git touches it
warning: in the working copy of 'content/shanghai-recruit.html', LF will be replaced by CRLF the next time Git touches it
warning: in the working copy of 'content/shenzhen-news.html', LF will be replaced by CRLF the next time Git touches it
warning: in the working copy of 'content/shenzhen-recruit.html', LF will be replaced by CRLF the next time Git touches it
warning: in the working copy of 'content/traditional-auto.html', LF will be replaced by CRLF the next time Git touches it
warning: in the working copy of 'content/weixiaoli-recruit.html', LF will be replaced by CRLF the next time Git touches it
warning: in the working copy of 'content/xiaomi-recruit.html', LF will be replaced by CRLF the next time Git touches it
warning: in the working copy of 'content/xuzhou-news.html', LF will be replaced by CRLF the next time Git touches it
warning: in the working copy of 'content/xuzhou-recruit.html', LF will be replaced by CRLF the next time Git touches it
[注意] 最近 3 天缺失报告: 2026-10-02, 2026-09-30 （如需补齐，请为这些日期生成正文并分别构建）
======== 校验正文 ========
[READY] 34/34 通过校验
======== 构建报告 2026-10-02 ========
[..] 模板: report_20261001.html
[OK] 报告已生成: d:\研二\github.auto\repo\car-recruit\report_20261002.html (20796 bytes)
[OK] 索引已更新: d:\研二\github.auto\repo\car-recruit\index.html (共 26 份)
[..] 模板: report_20261001.html
[OK] 报告已生成: d:\研二\github.auto\repo\mechanical-recruit\report_20261002.html (18429 bytes)
[OK] 索引已更新: d:\研二\github.auto\repo\mechanical-recruit\index.html (共 25 份)
[..] 模板: report_20261001.html
[OK] 报告已生成: d:\研二\github.auto\repo\school-news\report_20261002.html (16779 bytes)
[OK] 索引已更新: d:\研二\github.auto\repo\school-news\index.html (共 27 份)
[..] 模板: report_20261001.html
[OK] 报告已生成: d:\研二\github.auto\repo\drone-research\report_20261002.html (21236 bytes)
[OK] 索引已更新: d:\研二\github.auto\repo\drone-research\index.html (共 26 份)
[..] 模板: report_20261001.html
[OK] 报告已生成: d:\研二\github.auto\repo\ahut-campus\report_20261002.html (16981 bytes)
[OK] 索引已更新: d:\研二\github.auto\repo\ahut-campus\index.html (共 25 份)
[..] 模板: report_20261001.html
[OK] 报告已生成: d:\研二\github.auto\repo\byd-recruit\report_20261002.html (18504 bytes)
[OK] 索引已更新: d:\研二\github.auto\repo\byd-recruit\index.html (共 24 份)
[..] 模板: report_20261001.html
[OK] 报告已生成: d:\研二\github.auto\repo\chery-recruit\report_20261002.html (21809 bytes)
[OK] 索引已更新: d:\研二\github.auto\repo\chery-recruit\index.html (共 25 份)
[..] 模板: report_20261001.html
[OK] 报告已生成: d:\研二\github.auto\repo\chery-insider\report_20261002.html (18950 bytes)
[OK] 索引已更新: d:\研二\github.auto\repo\chery-insider\index.html (共 3 份)
[..] 模板: report_20261001.html
[OK] 报告已生成: d:\研二\github.auto\repo\geely-recruit\report_20261002.html (19474 bytes)
[OK] 索引已更新: d:\研二\github.auto\repo\geely-recruit\index.html (共 24 份)
[..] 模板: report_20261001.html
[OK] 报告已生成: d:\研二\github.auto\repo\xiaomi-recruit\report_20261002.html (18637 bytes)
[OK] 索引已更新: d:\研二\github.auto\repo\xiaomi-recruit\index.html (共 25 份)
[..] 模板: report_20261001.html
[OK] 报告已生成: d:\研二\github.auto\repo\weixiaoli-recruit\report_20261002.html (18428 bytes)
[OK] 索引已更新: d:\研二\github.auto\repo\weixiaoli-recruit\index.html (共 24 份)
[..] 模板: report_20261001.html
[OK] 报告已生成: d:\研二\github.auto\repo\traditional-auto\report_20261002.html (22001 bytes)
[OK] 索引已更新: d:\研二\github.auto\repo\traditional-auto\index.html (共 25 份)
[..] 模板: report_20261001.html
[OK] 报告已生成: d:\研二\github.auto\repo\supply-chain-recruit\report_20261002.html (21102 bytes)
[OK] 索引已更新: d:\研二\github.auto\repo\supply-chain-recruit\index.html (共 6 份)
[..] 模板: report_20261001.html
[OK] 报告已生成: d:\研二\github.auto\repo\research-institute\report_20261002.html (17583 bytes)
[OK] 索引已更新: d:\研二\github.auto\repo\research-institute\index.html (共 23 份)
[..] 模板: report_20261001.html
[OK] 报告已生成: d:\研二\github.auto\repo\future-planning\report_20261002.html (19033 bytes)
[OK] 索引已更新: d:\研二\github.auto\repo\future-planning\index.html (共 24 份)
[..] 模板: report_20261001.html
[OK] 报告已生成: d:\研二\github.auto\repo\xuzhou-news\report_20261002.html (14686 bytes)
[OK] 索引已更新: d:\研二\github.auto\repo\xuzhou-news\index.html (共 6 份)
[..] 模板: report_20261001.html
[OK] 报告已生成: d:\研二\github.auto\repo\nanjing-news\report_20261002.html (16473 bytes)
[OK] 索引已更新: d:\研二\github.auto\repo\nanjing-news\index.html (共 6 份)
[..] 模板: report_20261001.html
[OK] 报告已生成: d:\研二\github.auto\repo\shanghai-news\report_20261002.html (16017 bytes)
[OK] 索引已更新: d:\研二\github.auto\repo\shanghai-news\index.html (共 6 份)
[..] 模板: report_20261001.html
[OK] 报告已生成: d:\研二\github.auto\repo\hangzhou-news\report_20261002.html (17337 bytes)
[OK] 索引已更新: d:\研二\github.auto\repo\hangzhou-news\index.html (共 6 份)
[..] 模板: report_20261001.html
[OK] 报告已生成: d:\研二\github.auto\repo\jiangzhehu-news\report_20261002.html (16552 bytes)
[OK] 索引已更新: d:\研二\github.auto\repo\jiangzhehu-news\index.html (共 6 份)
[..] 模板: report_20261001.html
[OK] 报告已生成: d:\研二\github.auto\repo\hefei-news\report_20261002.html (16480 bytes)
[OK] 索引已更新: d:\研二\github.auto\repo\hefei-news\index.html (共 6 份)
[..] 模板: report_20261001.html
[OK] 报告已生成: d:\研二\github.auto\repo\anhui-news\report_20261002.html (16408 bytes)
[OK] 索引已更新: d:\研二\github.auto\repo\anhui-news\index.html (共 6 份)
[..] 模板: report_20261001.html
[OK] 报告已生成: d:\研二\github.auto\repo\jiangsu-news\report_20261002.html (16463 bytes)
[OK] 索引已更新: d:\研二\github.auto\repo\jiangsu-news\index.html (共 6 份)
[..] 模板: report_20261001.html
[OK] 报告已生成: d:\研二\github.auto\repo\shenzhen-news\report_20261002.html (16517 bytes)
[OK] 索引已更新: d:\研二\github.auto\repo\shenzhen-news\index.html (共 6 份)
[..] 模板: report_20261001.html
[OK] 报告已生成: d:\研二\github.auto\repo\xuzhou-recruit\report_20261002.html (14578 bytes)
[OK] 索引已更新: d:\研二\github.auto\repo\xuzhou-recruit\index.html (共 4 份)
[..] 模板: report_20261001.html
[OK] 报告已生成: d:\研二\github.auto\repo\nanjing-recruit\report_20261002.html (17085 bytes)
[OK] 索引已更新: d:\研二\github.auto\repo\nanjing-recruit\index.html (共 4 份)
[..] 模板: report_20261001.html
[OK] 报告已生成: d:\研二\github.auto\repo\shanghai-recruit\report_20261002.html (17326 bytes)
[OK] 索引已更新: d:\研二\github.auto\repo\shanghai-recruit\index.html (共 4 份)
[..] 模板: report_20261001.html
[OK] 报告已生成: d:\研二\github.auto\repo\hangzhou-recruit\report_20261002.html (16706 bytes)
[OK] 索引已更新: d:\研二\github.auto\repo\hangzhou-recruit\index.html (共 4 份)
[..] 模板: report_20261001.html
[OK] 报告已生成: d:\研二\github.auto\repo\jiangzhehu-recruit\report_20261002.html (16849 bytes)
[OK] 索引已更新: d:\研二\github.auto\repo\jiangzhehu-recruit\index.html (共 4 份)
[..] 模板: report_20261001.html
[OK] 报告已生成: d:\研二\github.auto\repo\hefei-recruit\report_20261002.html (16757 bytes)
[OK] 索引已更新: d:\研二\github.auto\repo\hefei-recruit\index.html (共 4 份)
[..] 模板: report_20261001.html
[OK] 报告已生成: d:\研二\github.auto\repo\anhui-recruit\report_20261002.html (17329 bytes)
[OK] 索引已更新: d:\研二\github.auto\repo\anhui-recruit\index.html (共 4 份)
[..] 模板: report_20261001.html
[OK] 报告已生成: d:\研二\github.auto\repo\jiangsu-recruit\report_20261002.html (16995 bytes)
[OK] 索引已更新: d:\研二\github.auto\repo\jiangsu-recruit\index.html (共 4 份)
[..] 模板: report_20261001.html
[OK] 报告已生成: d:\研二\github.auto\repo\shenzhen-recruit\report_20261002.html (17058 bytes)
[OK] 索引已更新: d:\研二\github.auto\repo\shenzhen-recruit\index.html (共 4 份)
[..] 模板: report_20261001.html
[OK] 报告已生成: d:\研二\github.auto\repo\company-reputation\report_20261002.html (24487 bytes)
[OK] 索引已更新: d:\研二\github.auto\repo\company-reputation\index.html (共 2 份)
======== 更新主页 ========
======== 站点自查 ========
[OK] 站点自查通过
======== 提交推送 ========
[..] 走凭据直连通道推送…
[WARN] [FAIL] 兜底推送失败: fatal: unable to access 'https://github.com/TS-dinglilu/TS-dinglilu.github.io.git/': Failed to connect to github.com:443 after 21062 ms: Could not connect to server
[WARN] 常规 push 第 1/3 次失败: fatal: unable to access 'https://github.com/TS-dinglilu/TS-dinglilu.github.io.git/': Failed to connect to github.com:443 after 210
[WARN] 常规 push 第 2/3 次失败: fatal: unable to access 'https://github.com/TS-dinglilu/TS-dinglilu.github.io.git/': Failed to connect to github.com:443 after 210
[WARN] 常规 push 第 3/3 次失败: fatal: unable to access 'https://github.com/TS-dinglilu/TS-dinglilu.github.io.git/': Failed to connect to github.com:443 after 210
[..] github.com 不通、ssh.github.com:443 可用 → 走临时部署密钥兜底
[..] 已取到凭据（user=TS-dinglilu）
[..] 临时部署密钥已注册 id=165166139（用完立即撤销）
[OK] 临时部署密钥已撤销 id=165166139 (HTTP 204)
[OK] 已推送 GitHub Pages（SSH 兜底通道）远端=b36a4d2
[OK] 已推送 GitHub Pages（SSH 兜底通道）远端=b36a4d2
======== 汇总 ========
成功: car-recruit, mechanical-recruit, school-news, drone-research, ahut-campus, byd-recruit, chery-recruit, chery-insider, geely-recruit, xiaomi-recruit, weixiaoli-recruit, traditional-auto, supply-chain-recruit, research-institute, future-planning, xuzhou-news, nanjing-news, shanghai-news, hangzhou-news, jiangzhehu-news, hefei-news, anhui-news, jiangsu-news, shenzhen-news, xuzhou-recruit, nanjing-recruit, shanghai-recruit, hangzhou-recruit, jiangzhehu-recruit, hefei-recruit, anhui-recruit, jiangsu-recruit, shenzhen-recruit, company-reputation
