[OK] 主页已更新: 34 张卡片刷新, 报告总数 628+
[OK] sitemap.xml 已生成：668 条 URL
warning: in the working copy of '.workbuddy/memory/automations/6c0d7c75-5de1-4573-84d2-a50b7870b3d9/memory.md', LF will be replaced by CRLF the next time Git touches it
warning: in the working copy of '.workbuddy/memory/automations/f7c42b9c-b4d3-4e9c-9f13-63c6ae8ce684/memory.md', LF will be replaced by CRLF the next time Git touches it
warning: in the working copy of 'content/ahut-campus.html', LF will be replaced by CRLF the next time Git touches it
warning: in the working copy of 'content/anhui-news.html', LF will be replaced by CRLF the next time Git touches it
warning: in the working copy of 'content/anhui-recruit.html', LF will be replaced by CRLF the next time Git touches it
warning: in the working copy of 'content/byd-recruit.html', LF will be replaced by CRLF the next time Git touches it
warning: in the working copy of 'content/car-recruit.html', LF will be replaced by CRLF the next time Git touches it
warning: in the working copy of 'content/chery-insider.html', LF will be replaced by CRLF the next time Git touches it
warning: in the working copy of 'content/chery-recruit.html', LF will be replaced by CRLF the next time Git touches it
warning: in the working copy of 'content/company-reputation.html', LF will be replaced by CRLF the next time Git touches it
warning: in the working copy of 'content/drone-research.html', LF will be replaced by CRLF the next time Git touches it
warning: in the working copy of 'content/future-planning.html', LF will be replaced by CRLF the next time Git touches it
warning: in the working copy of 'content/geely-recruit.html', LF will be replaced by CRLF the next time Git touches it
warning: in the working copy of 'content/hangzhou-news.html', LF will be replaced by CRLF the next time Git touches it
warning: in the working copy of 'content/hangzhou-recruit.html', LF will be replaced by CRLF the next time Git touches it
warning: in the working copy of 'content/hefei-news.html', LF will be replaced by CRLF the next time Git touches it
warning: in the working copy of 'content/hefei-recruit.html', LF will be replaced by CRLF the next time Git touches it
warning: in the working copy of 'content/jiangsu-news.html', LF will be replaced by CRLF the next time Git touches it
warning: in the working copy of 'content/jiangzhehu-news.html', LF will be replaced by CRLF the next time Git touches it
warning: in the working copy of 'content/jiangzhehu-recruit.html', LF will be replaced by CRLF the next time Git touches it
warning: in the working copy of 'content/mechanical-recruit.html', LF will be replaced by CRLF the next time Git touches it
warning: in the working copy of 'content/nanjing-news.html', LF will be replaced by CRLF the next time Git touches it
warning: in the working copy of 'content/nanjing-recruit.html', LF will be replaced by CRLF the next time Git touches it
warning: in the working copy of 'content/research-institute.html', LF will be replaced by CRLF the next time Git touches it
warning: in the working copy of 'content/school-news.html', LF will be replaced by CRLF the next time Git touches it
warning: in the working copy of 'content/shanghai-news.html', LF will be replaced by CRLF the next time Git touches it
warning: in the working copy of 'content/shanghai-recruit.html', LF will be replaced by CRLF the next time Git touches it
warning: in the working copy of 'content/shenzhen-news.html', LF will be replaced by CRLF the next time Git touches it
warning: in the working copy of 'content/shenzhen-recruit.html', LF will be replaced by CRLF the next time Git touches it
warning: in the working copy of 'content/supply-chain-recruit.html', LF will be replaced by CRLF the next time Git touches it
warning: in the working copy of 'content/traditional-auto.html', LF will be replaced by CRLF the next time Git touches it
warning: in the working copy of 'content/weixiaoli-recruit.html', LF will be replaced by CRLF the next time Git touches it
warning: in the working copy of 'content/xiaomi-recruit.html', LF will be replaced by CRLF the next time Git touches it
warning: in the working copy of 'content/xuzhou-news.html', LF will be replaced by CRLF the next time Git touches it
warning: in the working copy of 'content/xuzhou-recruit.html', LF will be replaced by CRLF the next time Git touches it
warning: in the working copy of 'logs/push_20261007.log', LF will be replaced by CRLF the next time Git touches it
[注意] 最近 3 天缺失报告: 2026-10-09, 2026-10-08 （如需补齐，请为这些日期生成正文并分别构建）
======== 校验正文 ========
[READY] 34/34 通过校验
======== 构建报告 2026-10-09 ========
[..] 模板: report_20261007.html
[OK] 报告已生成: d:\研二\github.auto\repo\car-recruit\report_20261009.html (17919 bytes)
[OK] 索引已更新: d:\研二\github.auto\repo\car-recruit\index.html (共 32 份)
[..] 模板: report_20261007.html
[OK] 报告已生成: d:\研二\github.auto\repo\mechanical-recruit\report_20261009.html (19359 bytes)
[OK] 索引已更新: d:\研二\github.auto\repo\mechanical-recruit\index.html (共 31 份)
[..] 模板: report_20261007.html
[OK] 报告已生成: d:\研二\github.auto\repo\school-news\report_20261009.html (18152 bytes)
[OK] 索引已更新: d:\研二\github.auto\repo\school-news\index.html (共 33 份)
[..] 模板: report_20261007.html
[OK] 报告已生成: d:\研二\github.auto\repo\drone-research\report_20261009.html (21046 bytes)
[OK] 索引已更新: d:\研二\github.auto\repo\drone-research\index.html (共 32 份)
[..] 模板: report_20261007.html
[OK] 报告已生成: d:\研二\github.auto\repo\ahut-campus\report_20261009.html (16864 bytes)
[OK] 索引已更新: d:\研二\github.auto\repo\ahut-campus\index.html (共 31 份)
[..] 模板: report_20261007.html
[OK] 报告已生成: d:\研二\github.auto\repo\byd-recruit\report_20261009.html (18835 bytes)
[OK] 索引已更新: d:\研二\github.auto\repo\byd-recruit\index.html (共 30 份)
[..] 模板: report_20261007.html
[OK] 报告已生成: d:\研二\github.auto\repo\chery-recruit\report_20261009.html (24747 bytes)
[OK] 索引已更新: d:\研二\github.auto\repo\chery-recruit\index.html (共 31 份)
[..] 模板: report_20261007.html
[OK] 报告已生成: d:\研二\github.auto\repo\chery-insider\report_20261009.html (21046 bytes)
[OK] 索引已更新: d:\研二\github.auto\repo\chery-insider\index.html (共 9 份)
[..] 模板: report_20261007.html
[OK] 报告已生成: d:\研二\github.auto\repo\geely-recruit\report_20261009.html (20622 bytes)
[OK] 索引已更新: d:\研二\github.auto\repo\geely-recruit\index.html (共 30 份)
[..] 模板: report_20261007.html
[OK] 报告已生成: d:\研二\github.auto\repo\xiaomi-recruit\report_20261009.html (17962 bytes)
[OK] 索引已更新: d:\研二\github.auto\repo\xiaomi-recruit\index.html (共 31 份)
[..] 模板: report_20261007.html
[OK] 报告已生成: d:\研二\github.auto\repo\weixiaoli-recruit\report_20261009.html (19783 bytes)
[OK] 索引已更新: d:\研二\github.auto\repo\weixiaoli-recruit\index.html (共 30 份)
[..] 模板: report_20261007.html
[OK] 报告已生成: d:\研二\github.auto\repo\traditional-auto\report_20261009.html (19678 bytes)
[OK] 索引已更新: d:\研二\github.auto\repo\traditional-auto\index.html (共 31 份)
[..] 模板: report_20261007.html
[OK] 报告已生成: d:\研二\github.auto\repo\supply-chain-recruit\report_20261009.html (20054 bytes)
[OK] 索引已更新: d:\研二\github.auto\repo\supply-chain-recruit\index.html (共 12 份)
[..] 模板: report_20261007.html
[OK] 报告已生成: d:\研二\github.auto\repo\research-institute\report_20261009.html (16083 bytes)
[OK] 索引已更新: d:\研二\github.auto\repo\research-institute\index.html (共 29 份)
[..] 模板: report_20261007.html
[OK] 报告已生成: d:\研二\github.auto\repo\future-planning\report_20261009.html (17908 bytes)
[OK] 索引已更新: d:\研二\github.auto\repo\future-planning\index.html (共 30 份)
[..] 模板: report_20261007.html
[OK] 报告已生成: d:\研二\github.auto\repo\xuzhou-news\report_20261009.html (17063 bytes)
[OK] 索引已更新: d:\研二\github.auto\repo\xuzhou-news\index.html (共 12 份)
[..] 模板: report_20261007.html
[OK] 报告已生成: d:\研二\github.auto\repo\nanjing-news\report_20261009.html (17235 bytes)
[OK] 索引已更新: d:\研二\github.auto\repo\nanjing-news\index.html (共 12 份)
[..] 模板: report_20261007.html
[OK] 报告已生成: d:\研二\github.auto\repo\shanghai-news\report_20261009.html (17108 bytes)
[OK] 索引已更新: d:\研二\github.auto\repo\shanghai-news\index.html (共 12 份)
[..] 模板: report_20261007.html
[OK] 报告已生成: d:\研二\github.auto\repo\hangzhou-news\report_20261009.html (18646 bytes)
[OK] 索引已更新: d:\研二\github.auto\repo\hangzhou-news\index.html (共 12 份)
[..] 模板: report_20261007.html
[OK] 报告已生成: d:\研二\github.auto\repo\jiangzhehu-news\report_20261009.html (18678 bytes)
[OK] 索引已更新: d:\研二\github.auto\repo\jiangzhehu-news\index.html (共 12 份)
[..] 模板: report_20261007.html
[OK] 报告已生成: d:\研二\github.auto\repo\hefei-news\report_20261009.html (16490 bytes)
[OK] 索引已更新: d:\研二\github.auto\repo\hefei-news\index.html (共 12 份)
[..] 模板: report_20261007.html
[OK] 报告已生成: d:\研二\github.auto\repo\anhui-news\report_20261009.html (16864 bytes)
[OK] 索引已更新: d:\研二\github.auto\repo\anhui-news\index.html (共 12 份)
[..] 模板: report_20261007.html
[OK] 报告已生成: d:\研二\github.auto\repo\jiangsu-news\report_20261009.html (17408 bytes)
[OK] 索引已更新: d:\研二\github.auto\repo\jiangsu-news\index.html (共 12 份)
[..] 模板: report_20261007.html
[OK] 报告已生成: d:\研二\github.auto\repo\shenzhen-news\report_20261009.html (18037 bytes)
[OK] 索引已更新: d:\研二\github.auto\repo\shenzhen-news\index.html (共 12 份)
[..] 模板: report_20261007.html
[OK] 报告已生成: d:\研二\github.auto\repo\xuzhou-recruit\report_20261009.html (19240 bytes)
[OK] 索引已更新: d:\研二\github.auto\repo\xuzhou-recruit\index.html (共 10 份)
[..] 模板: report_20261007.html
[OK] 报告已生成: d:\研二\github.auto\repo\nanjing-recruit\report_20261009.html (22386 bytes)
[OK] 索引已更新: d:\研二\github.auto\repo\nanjing-recruit\index.html (共 10 份)
[..] 模板: report_20261007.html
[OK] 报告已生成: d:\研二\github.auto\repo\shanghai-recruit\report_20261009.html (20367 bytes)
[OK] 索引已更新: d:\研二\github.auto\repo\shanghai-recruit\index.html (共 10 份)
[..] 模板: report_20261007.html
[OK] 报告已生成: d:\研二\github.auto\repo\hangzhou-recruit\report_20261009.html (19838 bytes)
[OK] 索引已更新: d:\研二\github.auto\repo\hangzhou-recruit\index.html (共 10 份)
[..] 模板: report_20261007.html
[OK] 报告已生成: d:\研二\github.auto\repo\jiangzhehu-recruit\report_20261009.html (24821 bytes)
[OK] 索引已更新: d:\研二\github.auto\repo\jiangzhehu-recruit\index.html (共 10 份)
[..] 模板: report_20261007.html
[OK] 报告已生成: d:\研二\github.auto\repo\hefei-recruit\report_20261009.html (18332 bytes)
[OK] 索引已更新: d:\研二\github.auto\repo\hefei-recruit\index.html (共 10 份)
[..] 模板: report_20261007.html
[OK] 报告已生成: d:\研二\github.auto\repo\anhui-recruit\report_20261009.html (19746 bytes)
[OK] 索引已更新: d:\研二\github.auto\repo\anhui-recruit\index.html (共 10 份)
[..] 模板: report_20261007.html
[OK] 报告已生成: d:\研二\github.auto\repo\jiangsu-recruit\report_20261009.html (20243 bytes)
[OK] 索引已更新: d:\研二\github.auto\repo\jiangsu-recruit\index.html (共 10 份)
[..] 模板: report_20261007.html
[OK] 报告已生成: d:\研二\github.auto\repo\shenzhen-recruit\report_20261009.html (18728 bytes)
[OK] 索引已更新: d:\研二\github.auto\repo\shenzhen-recruit\index.html (共 10 份)
[..] 模板: report_20261007.html
[OK] 报告已生成: d:\研二\github.auto\repo\company-reputation\report_20261009.html (23488 bytes)
[OK] 索引已更新: d:\研二\github.auto\repo\company-reputation\index.html (共 8 份)
======== 更新主页 ========
======== 站点自查 ========
[OK] 站点自查通过
======== 提交推送 ========
[..] 走凭据直连通道推送…
[OK] 已推送 GitHub Pages（凭据兜底通道）
======== 汇总 ========
成功: car-recruit, mechanical-recruit, school-news, drone-research, ahut-campus, byd-recruit, chery-recruit, chery-insider, geely-recruit, xiaomi-recruit, weixiaoli-recruit, traditional-auto, supply-chain-recruit, research-institute, future-planning, xuzhou-news, nanjing-news, shanghai-news, hangzhou-news, jiangzhehu-news, hefei-news, anhui-news, jiangsu-news, shenzhen-news, xuzhou-recruit, nanjing-recruit, shanghai-recruit, hangzhou-recruit, jiangzhehu-recruit, hefei-recruit, anhui-recruit, jiangsu-recruit, shenzhen-recruit, company-reputation
