[OK] 主页已更新: 34 张卡片刷新, 报告总数 458+
[OK] sitemap.xml 已生成：497 条 URL
warning: in the working copy of 'content/ahut-campus.html', LF will be replaced by CRLF the next time Git touches it
warning: in the working copy of 'content/anhui-news.html', LF will be replaced by CRLF the next time Git touches it
warning: in the working copy of 'content/anhui-recruit.html', LF will be replaced by CRLF the next time Git touches it
warning: in the working copy of 'content/byd-recruit.html', LF will be replaced by CRLF the next time Git touches it
warning: in the working copy of 'content/car-recruit.html', LF will be replaced by CRLF the next time Git touches it
warning: in the working copy of 'content/chery-insider.html', LF will be replaced by CRLF the next time Git touches it
warning: in the working copy of 'content/chery-recruit.html', LF will be replaced by CRLF the next time Git touches it
warning: in the working copy of 'content/drone-research.html', LF will be replaced by CRLF the next time Git touches it
warning: in the working copy of 'content/future-planning.html', LF will be replaced by CRLF the next time Git touches it
warning: in the working copy of 'content/geely-recruit.html', LF will be replaced by CRLF the next time Git touches it
warning: in the working copy of 'content/hangzhou-news.html', LF will be replaced by CRLF the next time Git touches it
warning: in the working copy of 'content/hangzhou-recruit.html', LF will be replaced by CRLF the next time Git touches it
warning: in the working copy of 'content/hefei-news.html', LF will be replaced by CRLF the next time Git touches it
warning: in the working copy of 'content/hefei-recruit.html', LF will be replaced by CRLF the next time Git touches it
warning: in the working copy of 'content/jiangsu-news.html', LF will be replaced by CRLF the next time Git touches it
warning: in the working copy of 'content/jiangsu-recruit.html', LF will be replaced by CRLF the next time Git touches it
warning: in the working copy of 'content/jiangzhehu-news.html', LF will be replaced by CRLF the next time Git touches it
warning: in the working copy of 'content/jiangzhehu-recruit.html', LF will be replaced by CRLF the next time Git touches it
warning: in the working copy of 'content/mechanical-recruit.html', LF will be replaced by CRLF the next time Git touches it
warning: in the working copy of 'content/nanjing-news.html', LF will be replaced by CRLF the next time Git touches it
warning: in the working copy of 'content/nanjing-recruit.html', LF will be replaced by CRLF the next time Git touches it
warning: in the working copy of 'content/research-institute.html', LF will be replaced by CRLF the next time Git touches it
warning: in the working copy of 'content/school-news.html', LF will be replaced by CRLF the next time Git touches it
warning: in the working copy of 'content/shanghai-news.html', LF will be replaced by CRLF the next time Git touches it
warning: in the working copy of 'content/shanghai-recruit.html', LF will be replaced by CRLF the next time Git touches it
warning: in the working copy of 'content/shenzhen-news.html', LF will be replaced by CRLF the next time Git touches it
warning: in the working copy of 'content/shenzhen-recruit.html', LF will be replaced by CRLF the next time Git touches it
warning: in the working copy of 'content/traditional-auto.html', LF will be replaced by CRLF the next time Git touches it
warning: in the working copy of 'content/weixiaoli-recruit.html', LF will be replaced by CRLF the next time Git touches it
warning: in the working copy of 'content/xiaomi-recruit.html', LF will be replaced by CRLF the next time Git touches it
warning: in the working copy of 'content/xuzhou-news.html', LF will be replaced by CRLF the next time Git touches it
warning: in the working copy of 'content/xuzhou-recruit.html', LF will be replaced by CRLF the next time Git touches it
warning: in the working copy of 'logs/push_20261002.log', LF will be replaced by CRLF the next time Git touches it
warning: in the working copy of '.workbuddy/memory/2026-10-02.md', LF will be replaced by CRLF the next time Git touches it
[注意] 最近 3 天缺失报告: 2026-10-03 （如需补齐，请为这些日期生成正文并分别构建）
======== 校验正文 ========
[READY] 34/34 通过校验
======== 构建报告 2026-10-03 ========
[..] 模板: report_20261002.html
[OK] 报告已生成: d:\研二\github.auto\repo\car-recruit\report_20261003.html (18465 bytes)
[OK] 索引已更新: d:\研二\github.auto\repo\car-recruit\index.html (共 27 份)
[..] 模板: report_20261002.html
[OK] 报告已生成: d:\研二\github.auto\repo\mechanical-recruit\report_20261003.html (16457 bytes)
[OK] 索引已更新: d:\研二\github.auto\repo\mechanical-recruit\index.html (共 26 份)
[..] 模板: report_20261002.html
[OK] 报告已生成: d:\研二\github.auto\repo\school-news\report_20261003.html (19346 bytes)
[OK] 索引已更新: d:\研二\github.auto\repo\school-news\index.html (共 28 份)
[..] 模板: report_20261002.html
[OK] 报告已生成: d:\研二\github.auto\repo\drone-research\report_20261003.html (21602 bytes)
[OK] 索引已更新: d:\研二\github.auto\repo\drone-research\index.html (共 27 份)
[..] 模板: report_20261002.html
[OK] 报告已生成: d:\研二\github.auto\repo\ahut-campus\report_20261003.html (16303 bytes)
[OK] 索引已更新: d:\研二\github.auto\repo\ahut-campus\index.html (共 26 份)
[..] 模板: report_20261002.html
[OK] 报告已生成: d:\研二\github.auto\repo\byd-recruit\report_20261003.html (16408 bytes)
[OK] 索引已更新: d:\研二\github.auto\repo\byd-recruit\index.html (共 25 份)
[..] 模板: report_20261002.html
[OK] 报告已生成: d:\研二\github.auto\repo\chery-recruit\report_20261003.html (21668 bytes)
[OK] 索引已更新: d:\研二\github.auto\repo\chery-recruit\index.html (共 26 份)
[..] 模板: report_20261002.html
[OK] 报告已生成: d:\研二\github.auto\repo\chery-insider\report_20261003.html (20356 bytes)
[OK] 索引已更新: d:\研二\github.auto\repo\chery-insider\index.html (共 4 份)
[..] 模板: report_20261002.html
[OK] 报告已生成: d:\研二\github.auto\repo\geely-recruit\report_20261003.html (20004 bytes)
[OK] 索引已更新: d:\研二\github.auto\repo\geely-recruit\index.html (共 25 份)
[..] 模板: report_20261002.html
[OK] 报告已生成: d:\研二\github.auto\repo\xiaomi-recruit\report_20261003.html (18203 bytes)
[OK] 索引已更新: d:\研二\github.auto\repo\xiaomi-recruit\index.html (共 26 份)
[..] 模板: report_20261002.html
[OK] 报告已生成: d:\研二\github.auto\repo\weixiaoli-recruit\report_20261003.html (17917 bytes)
[OK] 索引已更新: d:\研二\github.auto\repo\weixiaoli-recruit\index.html (共 25 份)
[..] 模板: report_20261002.html
[OK] 报告已生成: d:\研二\github.auto\repo\traditional-auto\report_20261003.html (17198 bytes)
[OK] 索引已更新: d:\研二\github.auto\repo\traditional-auto\index.html (共 26 份)
[..] 模板: report_20261002.html
[OK] 报告已生成: d:\研二\github.auto\repo\supply-chain-recruit\report_20261003.html (17177 bytes)
[OK] 索引已更新: d:\研二\github.auto\repo\supply-chain-recruit\index.html (共 7 份)
[..] 模板: report_20261002.html
[OK] 报告已生成: d:\研二\github.auto\repo\research-institute\report_20261003.html (16691 bytes)
[OK] 索引已更新: d:\研二\github.auto\repo\research-institute\index.html (共 24 份)
[..] 模板: report_20261002.html
[OK] 报告已生成: d:\研二\github.auto\repo\future-planning\report_20261003.html (18480 bytes)
[OK] 索引已更新: d:\研二\github.auto\repo\future-planning\index.html (共 25 份)
[..] 模板: report_20261002.html
[OK] 报告已生成: d:\研二\github.auto\repo\xuzhou-news\report_20261003.html (16705 bytes)
[OK] 索引已更新: d:\研二\github.auto\repo\xuzhou-news\index.html (共 7 份)
[..] 模板: report_20261002.html
[OK] 报告已生成: d:\研二\github.auto\repo\nanjing-news\report_20261003.html (17071 bytes)
[OK] 索引已更新: d:\研二\github.auto\repo\nanjing-news\index.html (共 7 份)
[..] 模板: report_20261002.html
[OK] 报告已生成: d:\研二\github.auto\repo\shanghai-news\report_20261003.html (16392 bytes)
[OK] 索引已更新: d:\研二\github.auto\repo\shanghai-news\index.html (共 7 份)
[..] 模板: report_20261002.html
[OK] 报告已生成: d:\研二\github.auto\repo\hangzhou-news\report_20261003.html (16804 bytes)
[OK] 索引已更新: d:\研二\github.auto\repo\hangzhou-news\index.html (共 7 份)
[..] 模板: report_20261002.html
[OK] 报告已生成: d:\研二\github.auto\repo\jiangzhehu-news\report_20261003.html (16890 bytes)
[OK] 索引已更新: d:\研二\github.auto\repo\jiangzhehu-news\index.html (共 7 份)
[..] 模板: report_20261002.html
[OK] 报告已生成: d:\研二\github.auto\repo\hefei-news\report_20261003.html (16402 bytes)
[OK] 索引已更新: d:\研二\github.auto\repo\hefei-news\index.html (共 7 份)
[..] 模板: report_20261002.html
[OK] 报告已生成: d:\研二\github.auto\repo\anhui-news\report_20261003.html (16760 bytes)
[OK] 索引已更新: d:\研二\github.auto\repo\anhui-news\index.html (共 7 份)
[..] 模板: report_20261002.html
[OK] 报告已生成: d:\研二\github.auto\repo\jiangsu-news\report_20261003.html (17318 bytes)
[OK] 索引已更新: d:\研二\github.auto\repo\jiangsu-news\index.html (共 7 份)
[..] 模板: report_20261002.html
[OK] 报告已生成: d:\研二\github.auto\repo\shenzhen-news\report_20261003.html (16415 bytes)
[OK] 索引已更新: d:\研二\github.auto\repo\shenzhen-news\index.html (共 7 份)
[..] 模板: report_20261002.html
[OK] 报告已生成: d:\研二\github.auto\repo\xuzhou-recruit\report_20261003.html (17206 bytes)
[OK] 索引已更新: d:\研二\github.auto\repo\xuzhou-recruit\index.html (共 5 份)
[..] 模板: report_20261002.html
[OK] 报告已生成: d:\研二\github.auto\repo\nanjing-recruit\report_20261003.html (18609 bytes)
[OK] 索引已更新: d:\研二\github.auto\repo\nanjing-recruit\index.html (共 5 份)
[..] 模板: report_20261002.html
[OK] 报告已生成: d:\研二\github.auto\repo\shanghai-recruit\report_20261003.html (17505 bytes)
[OK] 索引已更新: d:\研二\github.auto\repo\shanghai-recruit\index.html (共 5 份)
[..] 模板: report_20261002.html
[OK] 报告已生成: d:\研二\github.auto\repo\hangzhou-recruit\report_20261003.html (17292 bytes)
[OK] 索引已更新: d:\研二\github.auto\repo\hangzhou-recruit\index.html (共 5 份)
[..] 模板: report_20261002.html
[OK] 报告已生成: d:\研二\github.auto\repo\jiangzhehu-recruit\report_20261003.html (17158 bytes)
[OK] 索引已更新: d:\研二\github.auto\repo\jiangzhehu-recruit\index.html (共 5 份)
[..] 模板: report_20261002.html
[OK] 报告已生成: d:\研二\github.auto\repo\hefei-recruit\report_20261003.html (17435 bytes)
[OK] 索引已更新: d:\研二\github.auto\repo\hefei-recruit\index.html (共 5 份)
[..] 模板: report_20261002.html
[OK] 报告已生成: d:\研二\github.auto\repo\anhui-recruit\report_20261003.html (17650 bytes)
[OK] 索引已更新: d:\研二\github.auto\repo\anhui-recruit\index.html (共 5 份)
[..] 模板: report_20261002.html
[OK] 报告已生成: d:\研二\github.auto\repo\jiangsu-recruit\report_20261003.html (16747 bytes)
[OK] 索引已更新: d:\研二\github.auto\repo\jiangsu-recruit\index.html (共 5 份)
[..] 模板: report_20261002.html
[OK] 报告已生成: d:\研二\github.auto\repo\shenzhen-recruit\report_20261003.html (17569 bytes)
[OK] 索引已更新: d:\研二\github.auto\repo\shenzhen-recruit\index.html (共 5 份)
[..] 模板: report_20261002.html
[OK] 报告已生成: d:\研二\github.auto\repo\company-reputation\report_20261003.html (23489 bytes)
[OK] 索引已更新: d:\研二\github.auto\repo\company-reputation\index.html (共 3 份)
======== 更新主页 ========
======== 站点自查 ========
[OK] 站点自查通过
======== 提交推送 ========
[..] 走凭据直连通道推送…
[WARN] [FAIL] 兜底推送失败: fatal: unable to access 'https://github.com/TS-dinglilu/TS-dinglilu.github.io.git/': Failed to connect to github.com:443 after 21116 ms: Could not connect to server
[WARN] 常规 push 第 1/3 次失败: fatal: unable to access 'https://github.com/TS-dinglilu/TS-dinglilu.github.io.git/': Failed to connect to github.com:443 after 210
[WARN] 常规 push 第 2/3 次失败: fatal: unable to access 'https://github.com/TS-dinglilu/TS-dinglilu.github.io.git/': Failed to connect to github.com:443 after 210
[WARN] 常规 push 第 3/3 次失败: fatal: unable to access 'https://github.com/TS-dinglilu/TS-dinglilu.github.io.git/': Failed to connect to github.com:443 after 211
[..] github.com:443 可达，SSH 兜底不适用
[FAIL] 推送失败（本地提交已保留，网络恢复后运行 git push origin main 即可）
======== 汇总 ========
成功: car-recruit, mechanical-recruit, school-news, drone-research, ahut-campus, byd-recruit, chery-recruit, chery-insider, geely-recruit, xiaomi-recruit, weixiaoli-recruit, traditional-auto, supply-chain-recruit, research-institute, future-planning, xuzhou-news, nanjing-news, shanghai-news, hangzhou-news, jiangzhehu-news, hefei-news, anhui-news, jiangsu-news, shenzhen-news, xuzhou-recruit, nanjing-recruit, shanghai-recruit, hangzhou-recruit, jiangzhehu-recruit, hefei-recruit, anhui-recruit, jiangsu-recruit, shenzhen-recruit, company-reputation
