[OK] 主页已更新: 34 张卡片刷新, 报告总数 492+
[OK] sitemap.xml 已生成：531 条 URL
warning: in the working copy of '.workbuddy/memory/automations/f7c42b9c-b4d3-4e9c-9f13-63c6ae8ce684/memory.md', LF will be replaced by CRLF the next time Git touches it
warning: in the working copy of 'content/ahut-campus.html', LF will be replaced by CRLF the next time Git touches it
warning: in the working copy of 'content/anhui-news.html', LF will be replaced by CRLF the next time Git touches it
warning: in the working copy of 'content/anhui-recruit.html', LF will be replaced by CRLF the next time Git touches it
warning: in the working copy of 'content/byd-recruit.html', LF will be replaced by CRLF the next time Git touches it
warning: in the working copy of 'content/car-recruit.html', LF will be replaced by CRLF the next time Git touches it
warning: in the working copy of 'content/chery-insider.html', LF will be replaced by CRLF the next time Git touches it
warning: in the working copy of 'content/chery-recruit.html', LF will be replaced by CRLF the next time Git touches it
warning: in the working copy of 'content/drone-research.html', LF will be replaced by CRLF the next time Git touches it
warning: in the working copy of 'content/future-planning.html', LF will be replaced by CRLF the next time Git touches it
warning: in the working copy of 'content/geely-recruit.html', LF will be replaced by CRLF the next time Git touches it
warning: in the working copy of 'content/hangzhou-news.html', LF will be replaced by CRLF the next time Git touches it
warning: in the working copy of 'content/hangzhou-recruit.html', LF will be replaced by CRLF the next time Git touches it
warning: in the working copy of 'content/hefei-news.html', LF will be replaced by CRLF the next time Git touches it
warning: in the working copy of 'content/hefei-recruit.html', LF will be replaced by CRLF the next time Git touches it
warning: in the working copy of 'content/jiangsu-news.html', LF will be replaced by CRLF the next time Git touches it
warning: in the working copy of 'content/jiangsu-recruit.html', LF will be replaced by CRLF the next time Git touches it
warning: in the working copy of 'content/jiangzhehu-news.html', LF will be replaced by CRLF the next time Git touches it
warning: in the working copy of 'content/jiangzhehu-recruit.html', LF will be replaced by CRLF the next time Git touches it
warning: in the working copy of 'content/mechanical-recruit.html', LF will be replaced by CRLF the next time Git touches it
warning: in the working copy of 'content/nanjing-news.html', LF will be replaced by CRLF the next time Git touches it
warning: in the working copy of 'content/nanjing-recruit.html', LF will be replaced by CRLF the next time Git touches it
warning: in the working copy of 'content/research-institute.html', LF will be replaced by CRLF the next time Git touches it
warning: in the working copy of 'content/school-news.html', LF will be replaced by CRLF the next time Git touches it
warning: in the working copy of 'content/shanghai-news.html', LF will be replaced by CRLF the next time Git touches it
warning: in the working copy of 'content/shanghai-recruit.html', LF will be replaced by CRLF the next time Git touches it
warning: in the working copy of 'content/shenzhen-news.html', LF will be replaced by CRLF the next time Git touches it
warning: in the working copy of 'content/shenzhen-recruit.html', LF will be replaced by CRLF the next time Git touches it
warning: in the working copy of 'content/traditional-auto.html', LF will be replaced by CRLF the next time Git touches it
warning: in the working copy of 'content/weixiaoli-recruit.html', LF will be replaced by CRLF the next time Git touches it
warning: in the working copy of 'content/xiaomi-recruit.html', LF will be replaced by CRLF the next time Git touches it
warning: in the working copy of 'content/xuzhou-news.html', LF will be replaced by CRLF the next time Git touches it
warning: in the working copy of 'content/xuzhou-recruit.html', LF will be replaced by CRLF the next time Git touches it
[注意] 最近 3 天缺失报告: 2026-10-04 （如需补齐，请为这些日期生成正文并分别构建）
======== 校验正文 ========
[READY] 34/34 通过校验
======== 构建报告 2026-10-04 ========
[..] 模板: report_20261003.html
[OK] 报告已生成: d:\研二\github.auto\repo\car-recruit\report_20261004.html (19510 bytes)
[OK] 索引已更新: d:\研二\github.auto\repo\car-recruit\index.html (共 28 份)
[..] 模板: report_20261003.html
[OK] 报告已生成: d:\研二\github.auto\repo\mechanical-recruit\report_20261004.html (21709 bytes)
[OK] 索引已更新: d:\研二\github.auto\repo\mechanical-recruit\index.html (共 27 份)
[..] 模板: report_20261003.html
[OK] 报告已生成: d:\研二\github.auto\repo\school-news\report_20261004.html (17024 bytes)
[OK] 索引已更新: d:\研二\github.auto\repo\school-news\index.html (共 29 份)
[..] 模板: report_20261003.html
[OK] 报告已生成: d:\研二\github.auto\repo\drone-research\report_20261004.html (21485 bytes)
[OK] 索引已更新: d:\研二\github.auto\repo\drone-research\index.html (共 28 份)
[..] 模板: report_20261003.html
[OK] 报告已生成: d:\研二\github.auto\repo\ahut-campus\report_20261004.html (16273 bytes)
[OK] 索引已更新: d:\研二\github.auto\repo\ahut-campus\index.html (共 27 份)
[..] 模板: report_20261003.html
[OK] 报告已生成: d:\研二\github.auto\repo\byd-recruit\report_20261004.html (17052 bytes)
[OK] 索引已更新: d:\研二\github.auto\repo\byd-recruit\index.html (共 26 份)
[..] 模板: report_20261003.html
[OK] 报告已生成: d:\研二\github.auto\repo\chery-recruit\report_20261004.html (21596 bytes)
[OK] 索引已更新: d:\研二\github.auto\repo\chery-recruit\index.html (共 27 份)
[..] 模板: report_20261003.html
[OK] 报告已生成: d:\研二\github.auto\repo\chery-insider\report_20261004.html (21160 bytes)
[OK] 索引已更新: d:\研二\github.auto\repo\chery-insider\index.html (共 5 份)
[..] 模板: report_20261003.html
[OK] 报告已生成: d:\研二\github.auto\repo\geely-recruit\report_20261004.html (22648 bytes)
[OK] 索引已更新: d:\研二\github.auto\repo\geely-recruit\index.html (共 26 份)
[..] 模板: report_20261003.html
[OK] 报告已生成: d:\研二\github.auto\repo\xiaomi-recruit\report_20261004.html (18051 bytes)
[OK] 索引已更新: d:\研二\github.auto\repo\xiaomi-recruit\index.html (共 27 份)
[..] 模板: report_20261003.html
[OK] 报告已生成: d:\研二\github.auto\repo\weixiaoli-recruit\report_20261004.html (17650 bytes)
[OK] 索引已更新: d:\研二\github.auto\repo\weixiaoli-recruit\index.html (共 26 份)
[..] 模板: report_20261003.html
[OK] 报告已生成: d:\研二\github.auto\repo\traditional-auto\report_20261004.html (18951 bytes)
[OK] 索引已更新: d:\研二\github.auto\repo\traditional-auto\index.html (共 27 份)
[..] 模板: report_20261003.html
[OK] 报告已生成: d:\研二\github.auto\repo\supply-chain-recruit\report_20261004.html (18996 bytes)
[OK] 索引已更新: d:\研二\github.auto\repo\supply-chain-recruit\index.html (共 8 份)
[..] 模板: report_20261003.html
[OK] 报告已生成: d:\研二\github.auto\repo\research-institute\report_20261004.html (19853 bytes)
[OK] 索引已更新: d:\研二\github.auto\repo\research-institute\index.html (共 25 份)
[..] 模板: report_20261003.html
[OK] 报告已生成: d:\研二\github.auto\repo\future-planning\report_20261004.html (17575 bytes)
[OK] 索引已更新: d:\研二\github.auto\repo\future-planning\index.html (共 26 份)
[..] 模板: report_20261003.html
[OK] 报告已生成: d:\研二\github.auto\repo\xuzhou-news\report_20261004.html (16501 bytes)
[OK] 索引已更新: d:\研二\github.auto\repo\xuzhou-news\index.html (共 8 份)
[..] 模板: report_20261003.html
[OK] 报告已生成: d:\研二\github.auto\repo\nanjing-news\report_20261004.html (14325 bytes)
[OK] 索引已更新: d:\研二\github.auto\repo\nanjing-news\index.html (共 8 份)
[..] 模板: report_20261003.html
[OK] 报告已生成: d:\研二\github.auto\repo\shanghai-news\report_20261004.html (16754 bytes)
[OK] 索引已更新: d:\研二\github.auto\repo\shanghai-news\index.html (共 8 份)
[..] 模板: report_20261003.html
[OK] 报告已生成: d:\研二\github.auto\repo\hangzhou-news\report_20261004.html (16056 bytes)
[OK] 索引已更新: d:\研二\github.auto\repo\hangzhou-news\index.html (共 8 份)
[..] 模板: report_20261003.html
[OK] 报告已生成: d:\研二\github.auto\repo\jiangzhehu-news\report_20261004.html (16886 bytes)
[OK] 索引已更新: d:\研二\github.auto\repo\jiangzhehu-news\index.html (共 8 份)
[..] 模板: report_20261003.html
[OK] 报告已生成: d:\研二\github.auto\repo\hefei-news\report_20261004.html (16749 bytes)
[OK] 索引已更新: d:\研二\github.auto\repo\hefei-news\index.html (共 8 份)
[..] 模板: report_20261003.html
[OK] 报告已生成: d:\研二\github.auto\repo\anhui-news\report_20261004.html (15800 bytes)
[OK] 索引已更新: d:\研二\github.auto\repo\anhui-news\index.html (共 8 份)
[..] 模板: report_20261003.html
[OK] 报告已生成: d:\研二\github.auto\repo\jiangsu-news\report_20261004.html (16749 bytes)
[OK] 索引已更新: d:\研二\github.auto\repo\jiangsu-news\index.html (共 8 份)
[..] 模板: report_20261003.html
[OK] 报告已生成: d:\研二\github.auto\repo\shenzhen-news\report_20261004.html (19125 bytes)
[OK] 索引已更新: d:\研二\github.auto\repo\shenzhen-news\index.html (共 8 份)
[..] 模板: report_20261003.html
[OK] 报告已生成: d:\研二\github.auto\repo\xuzhou-recruit\report_20261004.html (17893 bytes)
[OK] 索引已更新: d:\研二\github.auto\repo\xuzhou-recruit\index.html (共 6 份)
[..] 模板: report_20261003.html
[OK] 报告已生成: d:\研二\github.auto\repo\nanjing-recruit\report_20261004.html (21164 bytes)
[OK] 索引已更新: d:\研二\github.auto\repo\nanjing-recruit\index.html (共 6 份)
[..] 模板: report_20261003.html
[OK] 报告已生成: d:\研二\github.auto\repo\shanghai-recruit\report_20261004.html (16814 bytes)
[OK] 索引已更新: d:\研二\github.auto\repo\shanghai-recruit\index.html (共 6 份)
[..] 模板: report_20261003.html
[OK] 报告已生成: d:\研二\github.auto\repo\hangzhou-recruit\report_20261004.html (15022 bytes)
[OK] 索引已更新: d:\研二\github.auto\repo\hangzhou-recruit\index.html (共 6 份)
[..] 模板: report_20261003.html
[OK] 报告已生成: d:\研二\github.auto\repo\jiangzhehu-recruit\report_20261004.html (18638 bytes)
[OK] 索引已更新: d:\研二\github.auto\repo\jiangzhehu-recruit\index.html (共 6 份)
[..] 模板: report_20261003.html
[OK] 报告已生成: d:\研二\github.auto\repo\hefei-recruit\report_20261004.html (18290 bytes)
[OK] 索引已更新: d:\研二\github.auto\repo\hefei-recruit\index.html (共 6 份)
[..] 模板: report_20261003.html
[OK] 报告已生成: d:\研二\github.auto\repo\anhui-recruit\report_20261004.html (18613 bytes)
[OK] 索引已更新: d:\研二\github.auto\repo\anhui-recruit\index.html (共 6 份)
[..] 模板: report_20261003.html
[OK] 报告已生成: d:\研二\github.auto\repo\jiangsu-recruit\report_20261004.html (20110 bytes)
[OK] 索引已更新: d:\研二\github.auto\repo\jiangsu-recruit\index.html (共 6 份)
[..] 模板: report_20261003.html
[OK] 报告已生成: d:\研二\github.auto\repo\shenzhen-recruit\report_20261004.html (19401 bytes)
[OK] 索引已更新: d:\研二\github.auto\repo\shenzhen-recruit\index.html (共 6 份)
[..] 模板: report_20261003.html
[OK] 报告已生成: d:\研二\github.auto\repo\company-reputation\report_20261004.html (24249 bytes)
[OK] 索引已更新: d:\研二\github.auto\repo\company-reputation\index.html (共 4 份)
======== 更新主页 ========
======== 站点自查 ========
[OK] 站点自查通过
======== 提交推送 ========
[..] 走凭据直连通道推送…
[WARN] [FAIL] 兜底推送失败: error: RPC failed; curl 55 Send failure: Connection was reset
send-pack: unexpected disconnect while reading sideband packet
fatal: the remote end hung up unexpectedly
Everything up-to-date