[ERROR] 该分类下没有任何历史报告可作为模板: chery-insider
[OK] 主页已更新: 0 张卡片刷新, 报告总数 356+
warning: in the working copy of '.workbuddy/memory/automations/6c0d7c75-5de1-4573-84d2-a50b7870b3d9/memory.md', LF will be replaced by CRLF the next time Git touches it
warning: in the working copy of '.workbuddy/memory/automations/f7c42b9c-b4d3-4e9c-9f13-63c6ae8ce684/memory.md', LF will be replaced by CRLF the next time Git touches it
warning: in the working copy of 'README.md', LF will be replaced by CRLF the next time Git touches it
warning: in the working copy of 'logs/push_20260927.log', LF will be replaced by CRLF the next time Git touches it
warning: in the working copy of 'scripts/DAILY_WORKFLOW.md', LF will be replaced by CRLF the next time Git touches it
warning: in the working copy of 'scripts/audit_site.py', LF will be replaced by CRLF the next time Git touches it
warning: in the working copy of 'scripts/build_digest.py', LF will be replaced by CRLF the next time Git touches it
warning: in the working copy of 'scripts/fix_site.py', LF will be replaced by CRLF the next time Git touches it
warning: in the working copy of 'scripts/publish_all.py', LF will be replaced by CRLF the next time Git touches it
warning: in the working copy of 'scripts/strict_check.py', LF will be replaced by CRLF the next time Git touches it
warning: in the working copy of 'scripts/tail_template.py', LF will be replaced by CRLF the next time Git touches it
warning: in the working copy of 'scripts/update_homepage.py', LF will be replaced by CRLF the next time Git touches it
warning: in the working copy of '.workbuddy/memory/2026-09-27.md', LF will be replaced by CRLF the next time Git touches it
warning: in the working copy of 'content/chery-insider.html', LF will be replaced by CRLF the next time Git touches it
warning: in the working copy of 'logs/bootstrap_chery_insider.py', LF will be replaced by CRLF the next time Git touches it
[注意] 最近 3 天缺失报告: 2026-09-26, 2026-09-25 （如需补齐，请为这些日期生成正文并分别构建）
======== 校验正文 ========
[READY] 1/1 通过校验
======== 构建报告 2026-09-27 ========
[FAIL] chery-insider 构建失败: 1
======== 更新主页 ========
======== 站点自查 ========
[OK] 站点自查通过
======== 提交推送 ========
[..] 走凭据直连通道推送…
[OK] 已推送 GitHub Pages（凭据兜底通道）
======== 汇总 ========
成功: chery-insider
