[OK] 主页已更新: 0 张卡片刷新, 报告总数 206+
======== 校验正文 ========
[READY] 13/13 通过校验
======== 构建报告 2026-09-15 ========
[..] 模板: report_20260914.html
[OK] 报告已生成: D:\研二\github.auto\repo\car-recruit\report_20260915.html (70865 bytes)
[OK] 索引已更新: D:\研二\github.auto\repo\car-recruit\index.html (共 17 份)
[..] 模板: report_20260914.html
[OK] 报告已生成: D:\研二\github.auto\repo\mechanical-recruit\report_20260915.html (75486 bytes)
[OK] 索引已更新: D:\研二\github.auto\repo\mechanical-recruit\index.html (共 16 份)
[..] 模板: report_20260914.html
[OK] 报告已生成: D:\研二\github.auto\repo\school-news\report_20260915.html (69050 bytes)
[OK] 索引已更新: D:\研二\github.auto\repo\school-news\index.html (共 18 份)
[..] 模板: report_20260914.html
[OK] 报告已生成: D:\研二\github.auto\repo\drone-research\report_20260915.html (78749 bytes)
[OK] 索引已更新: D:\研二\github.auto\repo\drone-research\index.html (共 17 份)
[..] 模板: report_20260914.html
[OK] 报告已生成: D:\研二\github.auto\repo\ahut-campus\report_20260915.html (66891 bytes)
[OK] 索引已更新: D:\研二\github.auto\repo\ahut-campus\index.html (共 16 份)
[..] 模板: report_20260914.html
[OK] 报告已生成: D:\研二\github.auto\repo\byd-recruit\report_20260915.html (67548 bytes)
[OK] 索引已更新: D:\研二\github.auto\repo\byd-recruit\index.html (共 15 份)
[..] 模板: report_20260914.html
[OK] 报告已生成: D:\研二\github.auto\repo\chery-recruit\report_20260915.html (70015 bytes)
[OK] 索引已更新: D:\研二\github.auto\repo\chery-recruit\index.html (共 16 份)
[..] 模板: report_20260914.html
[OK] 报告已生成: D:\研二\github.auto\repo\geely-recruit\report_20260915.html (69061 bytes)
[OK] 索引已更新: D:\研二\github.auto\repo\geely-recruit\index.html (共 15 份)
[..] 模板: report_20260914.html
[OK] 报告已生成: D:\研二\github.auto\repo\xiaomi-recruit\report_20260915.html (67125 bytes)
[OK] 索引已更新: D:\研二\github.auto\repo\xiaomi-recruit\index.html (共 16 份)
[..] 模板: report_20260914.html
[OK] 报告已生成: D:\研二\github.auto\repo\weixiaoli-recruit\report_20260915.html (71655 bytes)
[OK] 索引已更新: D:\研二\github.auto\repo\weixiaoli-recruit\index.html (共 15 份)
[..] 模板: report_20260914.html
[OK] 报告已生成: D:\研二\github.auto\repo\traditional-auto\report_20260915.html (78866 bytes)
[OK] 索引已更新: D:\研二\github.auto\repo\traditional-auto\index.html (共 16 份)
[..] 模板: report_20260914.html
[OK] 报告已生成: D:\研二\github.auto\repo\research-institute\report_20260915.html (73210 bytes)
[OK] 索引已更新: D:\研二\github.auto\repo\research-institute\index.html (共 14 份)
[..] 模板: report_20260914.html
[OK] 报告已生成: D:\研二\github.auto\repo\future-planning\report_20260915.html (69865 bytes)
[OK] 索引已更新: D:\研二\github.auto\repo\future-planning\index.html (共 15 份)
======== 更新主页 ========
======== 站点自查 ========
[OK] 站点自查通过
======== 提交推送 ========
[WARN] commit: On branch main
Your branch is ahead of 'origin/main' by 1 commit.
  (use "git push" to publish your local commits)

nothing to commit, working tree clean
[..] 走凭据直连通道推送…
[OK] 已推送 GitHub Pages（凭据兜底通道）
======== 汇总 ========
成功: car-recruit, mechanical-recruit, school-news, drone-research, ahut-campus, byd-recruit, chery-recruit, geely-recruit, xiaomi-recruit, weixiaoli-recruit, traditional-auto, research-institute, future-planning
