[OK] 主页已更新: 33 张卡片刷新, 报告总数 389+
warning: in the working copy of '.workbuddy/memory/automations/f7c42b9c-b4d3-4e9c-9f13-63c6ae8ce684/memory.md', LF will be replaced by CRLF the next time Git touches it
warning: in the working copy of 'content/ahut-campus.html', LF will be replaced by CRLF the next time Git touches it
warning: in the working copy of 'content/anhui-news.html', LF will be replaced by CRLF the next time Git touches it
warning: in the working copy of 'content/anhui-recruit.html', LF will be replaced by CRLF the next time Git touches it
warning: in the working copy of 'content/byd-recruit.html', LF will be replaced by CRLF the next time Git touches it
warning: in the working copy of 'content/car-recruit.html', LF will be replaced by CRLF the next time Git touches it
warning: in the working copy of 'content/chery-insider.html', LF will be replaced by CRLF the next time Git touches it
warning: in the working copy of 'content/chery-recruit.html', LF will be replaced by CRLF the next time Git touches it
warning: in the working copy of 'content/drone-research.html', LF will be replaced by CRLF the next time Git touches it
warning: in the working copy of 'content/future-planning.html', LF will be replaced by CRLF the next time Git touches it
warning: in the working copy of 'content/geely-recruit.html', LF will be replaced by CRLF the next time Git touches it
warning: in the working copy of 'content/hangzhou-news.html', LF will be replaced by CRLF the next time Git touches it
warning: in the working copy of 'content/hangzhou-recruit.html', LF will be replaced by CRLF the next time Git touches it
warning: in the working copy of 'content/hefei-news.html', LF will be replaced by CRLF the next time Git touches it
warning: in the working copy of 'content/hefei-recruit.html', LF will be replaced by CRLF the next time Git touches it
warning: in the working copy of 'content/jiangsu-news.html', LF will be replaced by CRLF the next time Git touches it
warning: in the working copy of 'content/jiangsu-recruit.html', LF will be replaced by CRLF the next time Git touches it
warning: in the working copy of 'content/jiangzhehu-news.html', LF will be replaced by CRLF the next time Git touches it
warning: in the working copy of 'content/jiangzhehu-recruit.html', LF will be replaced by CRLF the next time Git touches it
warning: in the working copy of 'content/mechanical-recruit.html', LF will be replaced by CRLF the next time Git touches it
warning: in the working copy of 'content/nanjing-news.html', LF will be replaced by CRLF the next time Git touches it
warning: in the working copy of 'content/nanjing-recruit.html', LF will be replaced by CRLF the next time Git touches it
warning: in the working copy of 'content/research-institute.html', LF will be replaced by CRLF the next time Git touches it
warning: in the working copy of 'content/school-news.html', LF will be replaced by CRLF the next time Git touches it
warning: in the working copy of 'content/shanghai-news.html', LF will be replaced by CRLF the next time Git touches it
warning: in the working copy of 'content/shanghai-recruit.html', LF will be replaced by CRLF the next time Git touches it
warning: in the working copy of 'content/shenzhen-news.html', LF will be replaced by CRLF the next time Git touches it
warning: in the working copy of 'content/shenzhen-recruit.html', LF will be replaced by CRLF the next time Git touches it
warning: in the working copy of 'content/traditional-auto.html', LF will be replaced by CRLF the next time Git touches it
warning: in the working copy of 'content/weixiaoli-recruit.html', LF will be replaced by CRLF the next time Git touches it
warning: in the working copy of 'content/xiaomi-recruit.html', LF will be replaced by CRLF the next time Git touches it
warning: in the working copy of 'content/xuzhou-news.html', LF will be replaced by CRLF the next time Git touches it
warning: in the working copy of 'content/xuzhou-recruit.html', LF will be replaced by CRLF the next time Git touches it
warning: in the working copy of '.workbuddy/memory/2026-09-28.md', LF will be replaced by CRLF the next time Git touches it
warning: in the working copy of 'logs/archive/content_draft_0928_uncommitted/car-recruit.html', LF will be replaced by CRLF the next time Git touches it
warning: in the working copy of 'logs/archive/content_draft_0928_uncommitted/geely-recruit.html', LF will be replaced by CRLF the next time Git touches it
warning: in the working copy of 'logs/archive/content_draft_0928_uncommitted/hefei-recruit.html', LF will be replaced by CRLF the next time Git touches it
warning: in the working copy of 'logs/archive/content_draft_0928_uncommitted/school-news.html', LF will be replaced by CRLF the next time Git touches it
warning: in the working copy of 'logs/mp4_probe.py', LF will be replaced by CRLF the next time Git touches it
warning: in the working copy of 'logs/mp4_verify.py', LF will be replaced by CRLF the next time Git touches it
[注意] 最近 3 天缺失报告: 2026-10-01, 2026-09-30, 2026-09-29 （如需补齐，请为这些日期生成正文并分别构建）
======== 校验正文 ========
[READY] 33/33 通过校验
======== 构建报告 2026-10-01 ========
[..] 模板: report_20260927.html
[OK] 报告已生成: d:\研二\github.auto\repo\car-recruit\report_20261001.html (69159 bytes)
[OK] 索引已更新: d:\研二\github.auto\repo\car-recruit\index.html (共 25 份)
[..] 模板: report_20260927.html
[OK] 报告已生成: d:\研二\github.auto\repo\mechanical-recruit\report_20261001.html (78365 bytes)
[OK] 索引已更新: d:\研二\github.auto\repo\mechanical-recruit\index.html (共 24 份)
[..] 模板: report_20260927.html
[OK] 报告已生成: d:\研二\github.auto\repo\school-news\report_20261001.html (72813 bytes)
[OK] 索引已更新: d:\研二\github.auto\repo\school-news\index.html (共 26 份)
[..] 模板: report_20260927.html
[OK] 报告已生成: d:\研二\github.auto\repo\drone-research\report_20261001.html (72986 bytes)
[OK] 索引已更新: d:\研二\github.auto\repo\drone-research\index.html (共 25 份)
[..] 模板: report_20260927.html
[OK] 报告已生成: d:\研二\github.auto\repo\ahut-campus\report_20261001.html (71200 bytes)
[OK] 索引已更新: d:\研二\github.auto\repo\ahut-campus\index.html (共 24 份)
[..] 模板: report_20260927.html
[OK] 报告已生成: d:\研二\github.auto\repo\byd-recruit\report_20261001.html (72713 bytes)
[OK] 索引已更新: d:\研二\github.auto\repo\byd-recruit\index.html (共 23 份)
[..] 模板: report_20260927.html
[OK] 报告已生成: d:\研二\github.auto\repo\chery-recruit\report_20261001.html (72776 bytes)
[OK] 索引已更新: d:\研二\github.auto\repo\chery-recruit\index.html (共 24 份)
[..] 模板: report_20260927.html
[OK] 报告已生成: d:\研二\github.auto\repo\chery-insider\report_20261001.html (71056 bytes)
[OK] 索引已更新: d:\研二\github.auto\repo\chery-insider\index.html (共 2 份)
[..] 模板: report_20260927.html
[OK] 报告已生成: d:\研二\github.auto\repo\geely-recruit\report_20261001.html (69343 bytes)
[OK] 索引已更新: d:\研二\github.auto\repo\geely-recruit\index.html (共 23 份)
[..] 模板: report_20260927.html
[OK] 报告已生成: d:\研二\github.auto\repo\xiaomi-recruit\report_20261001.html (69049 bytes)
[OK] 索引已更新: d:\研二\github.auto\repo\xiaomi-recruit\index.html (共 24 份)
[..] 模板: report_20260927.html
[OK] 报告已生成: d:\研二\github.auto\repo\weixiaoli-recruit\report_20261001.html (70187 bytes)
[OK] 索引已更新: d:\研二\github.auto\repo\weixiaoli-recruit\index.html (共 23 份)
[..] 模板: report_20260927.html
[OK] 报告已生成: d:\研二\github.auto\repo\traditional-auto\report_20261001.html (81194 bytes)
[OK] 索引已更新: d:\研二\github.auto\repo\traditional-auto\index.html (共 24 份)
[..] 模板: report_20260927.html
[OK] 报告已生成: d:\研二\github.auto\repo\supply-chain-recruit\report_20261001.html (76185 bytes)
[OK] 索引已更新: d:\研二\github.auto\repo\supply-chain-recruit\index.html (共 5 份)
[..] 模板: report_20260927.html
[OK] 报告已生成: d:\研二\github.auto\repo\research-institute\report_20261001.html (72550 bytes)
[OK] 索引已更新: d:\研二\github.auto\repo\research-institute\index.html (共 22 份)
[..] 模板: report_20260927.html
[OK] 报告已生成: d:\研二\github.auto\repo\future-planning\report_20261001.html (69885 bytes)
[OK] 索引已更新: d:\研二\github.auto\repo\future-planning\index.html (共 23 份)
[..] 模板: report_20260927.html
[OK] 报告已生成: d:\研二\github.auto\repo\xuzhou-news\report_20261001.html (66544 bytes)
[OK] 索引已更新: d:\研二\github.auto\repo\xuzhou-news\index.html (共 5 份)
[..] 模板: report_20260927.html
[OK] 报告已生成: d:\研二\github.auto\repo\nanjing-news\report_20261001.html (64184 bytes)
[OK] 索引已更新: d:\研二\github.auto\repo\nanjing-news\index.html (共 5 份)
[..] 模板: report_20260927.html
[OK] 报告已生成: d:\研二\github.auto\repo\shanghai-news\report_20261001.html (65812 bytes)
[OK] 索引已更新: d:\研二\github.auto\repo\shanghai-news\index.html (共 5 份)
[..] 模板: report_20260927.html
[OK] 报告已生成: d:\研二\github.auto\repo\hangzhou-news\report_20261001.html (64851 bytes)
[OK] 索引已更新: d:\研二\github.auto\repo\hangzhou-news\index.html (共 5 份)
[..] 模板: report_20260927.html
[OK] 报告已生成: d:\研二\github.auto\repo\jiangzhehu-news\report_20261001.html (64404 bytes)
[OK] 索引已更新: d:\研二\github.auto\repo\jiangzhehu-news\index.html (共 5 份)
[..] 模板: report_20260927.html
[OK] 报告已生成: d:\研二\github.auto\repo\hefei-news\report_20261001.html (64112 bytes)
[OK] 索引已更新: d:\研二\github.auto\repo\hefei-news\index.html (共 5 份)
[..] 模板: report_20260927.html
[OK] 报告已生成: d:\研二\github.auto\repo\anhui-news\report_20261001.html (64162 bytes)
[OK] 索引已更新: d:\研二\github.auto\repo\anhui-news\index.html (共 5 份)
[..] 模板: report_20260927.html
[OK] 报告已生成: d:\研二\github.auto\repo\jiangsu-news\report_20261001.html (65105 bytes)
[OK] 索引已更新: d:\研二\github.auto\repo\jiangsu-news\index.html (共 5 份)
[..] 模板: report_20260927.html
[OK] 报告已生成: d:\研二\github.auto\repo\shenzhen-news\report_20261001.html (64204 bytes)
[OK] 索引已更新: d:\研二\github.auto\repo\shenzhen-news\index.html (共 5 份)
[..] 模板: report_20260927.html
[OK] 报告已生成: d:\研二\github.auto\repo\xuzhou-recruit\report_20261001.html (68521 bytes)
[OK] 索引已更新: d:\研二\github.auto\repo\xuzhou-recruit\index.html (共 3 份)
[..] 模板: report_20260927.html
[OK] 报告已生成: d:\研二\github.auto\repo\nanjing-recruit\report_20261001.html (69096 bytes)
[OK] 索引已更新: d:\研二\github.auto\repo\nanjing-recruit\index.html (共 3 份)
[..] 模板: report_20260927.html
[OK] 报告已生成: d:\研二\github.auto\repo\shanghai-recruit\report_20261001.html (70573 bytes)
[OK] 索引已更新: d:\研二\github.auto\repo\shanghai-recruit\index.html (共 3 份)
[..] 模板: report_20260927.html
[OK] 报告已生成: d:\研二\github.auto\repo\hangzhou-recruit\report_20261001.html (67562 bytes)
[OK] 索引已更新: d:\研二\github.auto\repo\hangzhou-recruit\index.html (共 3 份)
[..] 模板: report_20260927.html
[OK] 报告已生成: d:\研二\github.auto\repo\jiangzhehu-recruit\report_20261001.html (67398 bytes)
[OK] 索引已更新: d:\研二\github.auto\repo\jiangzhehu-recruit\index.html (共 3 份)
[..] 模板: report_20260927.html
[OK] 报告已生成: d:\研二\github.auto\repo\hefei-recruit\report_20261001.html (67242 bytes)
[OK] 索引已更新: d:\研二\github.auto\repo\hefei-recruit\index.html (共 3 份)
[..] 模板: report_20260927.html
[OK] 报告已生成: d:\研二\github.auto\repo\anhui-recruit\report_20261001.html (66518 bytes)
[OK] 索引已更新: d:\研二\github.auto\repo\anhui-recruit\index.html (共 3 份)
[..] 模板: report_20260927.html
[OK] 报告已生成: d:\研二\github.auto\repo\jiangsu-recruit\report_20261001.html (67602 bytes)
[OK] 索引已更新: d:\研二\github.auto\repo\jiangsu-recruit\index.html (共 3 份)
[..] 模板: report_20260927.html
[OK] 报告已生成: d:\研二\github.auto\repo\shenzhen-recruit\report_20261001.html (65941 bytes)
[OK] 索引已更新: d:\研二\github.auto\repo\shenzhen-recruit\index.html (共 3 份)
======== 更新主页 ========
======== 站点自查 ========
[OK] 站点自查通过
======== 提交推送 ========
[..] 走凭据直连通道推送…
[OK] 已推送 GitHub Pages（凭据兜底通道）
======== 汇总 ========
成功: car-recruit, mechanical-recruit, school-news, drone-research, ahut-campus, byd-recruit, chery-recruit, chery-insider, geely-recruit, xiaomi-recruit, weixiaoli-recruit, traditional-auto, supply-chain-recruit, research-institute, future-planning, xuzhou-news, nanjing-news, shanghai-news, hangzhou-news, jiangzhehu-news, hefei-news, anhui-news, jiangsu-news, shenzhen-news, xuzhou-recruit, nanjing-recruit, shanghai-recruit, hangzhou-recruit, jiangzhehu-recruit, hefei-recruit, anhui-recruit, jiangsu-recruit, shenzhen-recruit
