[OK] 主页已更新: 23 张卡片刷新, 报告总数 280+
warning: in the working copy of 'README.md', LF will be replaced by CRLF the next time Git touches it
warning: in the working copy of 'scripts/DAILY_WORKFLOW.md', LF will be replaced by CRLF the next time Git touches it
warning: in the working copy of 'scripts/audit_site.py', LF will be replaced by CRLF the next time Git touches it
warning: in the working copy of 'scripts/fix_site.py', LF will be replaced by CRLF the next time Git touches it
warning: in the working copy of 'scripts/publish_all.py', LF will be replaced by CRLF the next time Git touches it
warning: in the working copy of 'scripts/strict_check.py', LF will be replaced by CRLF the next time Git touches it
warning: in the working copy of 'scripts/tail_template.py', LF will be replaced by CRLF the next time Git touches it
warning: in the working copy of 'scripts/update_homepage.py', LF will be replaced by CRLF the next time Git touches it
warning: in the working copy of 'content/anhui-news.html', LF will be replaced by CRLF the next time Git touches it
warning: in the working copy of 'content/hangzhou-news.html', LF will be replaced by CRLF the next time Git touches it
warning: in the working copy of 'content/hefei-news.html', LF will be replaced by CRLF the next time Git touches it
warning: in the working copy of 'content/jiangsu-news.html', LF will be replaced by CRLF the next time Git touches it
warning: in the working copy of 'content/jiangzhehu-news.html', LF will be replaced by CRLF the next time Git touches it
warning: in the working copy of 'content/nanjing-news.html', LF will be replaced by CRLF the next time Git touches it
warning: in the working copy of 'content/shanghai-news.html', LF will be replaced by CRLF the next time Git touches it
warning: in the working copy of 'content/shenzhen-news.html', LF will be replaced by CRLF the next time Git touches it
warning: in the working copy of 'content/xuzhou-news.html', LF will be replaced by CRLF the next time Git touches it
warning: in the working copy of 'logs/add_region_homepage.py', LF will be replaced by CRLF the next time Git touches it
warning: in the working copy of 'logs/append_region_extra.py', LF will be replaced by CRLF the next time Git touches it
warning: in the working copy of 'logs/append_region_summary.py', LF will be replaced by CRLF the next time Git touches it
warning: in the working copy of 'logs/bootstrap_regions.py', LF will be replaced by CRLF the next time Git touches it
[注意] 最近 3 天缺失报告: 2026-09-25, 2026-09-24, 2026-09-23 （如需补齐，请为这些日期生成正文并分别构建）
======== 校验正文 ========
[READY] 23/23 通过校验
======== 构建报告 2026-09-25 ========
[..] 模板: report_20260919.html
[OK] 报告已生成: D:\研二\github.auto\repo\car-recruit\report_20260925.html (71345 bytes)
[OK] 索引已更新: D:\研二\github.auto\repo\car-recruit\index.html (共 21 份)
[..] 模板: report_20260919.html
[OK] 报告已生成: D:\研二\github.auto\repo\mechanical-recruit\report_20260925.html (80793 bytes)
[OK] 索引已更新: D:\研二\github.auto\repo\mechanical-recruit\index.html (共 20 份)
[..] 模板: report_20260919.html
[OK] 报告已生成: D:\研二\github.auto\repo\school-news\report_20260925.html (74391 bytes)
[OK] 索引已更新: D:\研二\github.auto\repo\school-news\index.html (共 22 份)
[..] 模板: report_20260919.html
[OK] 报告已生成: D:\研二\github.auto\repo\drone-research\report_20260925.html (75294 bytes)
[OK] 索引已更新: D:\研二\github.auto\repo\drone-research\index.html (共 21 份)
[..] 模板: report_20260919.html
[OK] 报告已生成: D:\研二\github.auto\repo\ahut-campus\report_20260925.html (73850 bytes)
[OK] 索引已更新: D:\研二\github.auto\repo\ahut-campus\index.html (共 20 份)
[..] 模板: report_20260924.html
[OK] 报告已生成: D:\研二\github.auto\repo\byd-recruit\report_20260925.html (76007 bytes)
[OK] 索引已更新: D:\研二\github.auto\repo\byd-recruit\index.html (共 20 份)
[..] 模板: report_20260919.html
[OK] 报告已生成: D:\研二\github.auto\repo\chery-recruit\report_20260925.html (76351 bytes)
[OK] 索引已更新: D:\研二\github.auto\repo\chery-recruit\index.html (共 20 份)
[..] 模板: report_20260919.html
[OK] 报告已生成: D:\研二\github.auto\repo\geely-recruit\report_20260925.html (74287 bytes)
[OK] 索引已更新: D:\研二\github.auto\repo\geely-recruit\index.html (共 19 份)
[..] 模板: report_20260919.html
[OK] 报告已生成: D:\研二\github.auto\repo\xiaomi-recruit\report_20260925.html (73562 bytes)
[OK] 索引已更新: D:\研二\github.auto\repo\xiaomi-recruit\index.html (共 20 份)
[..] 模板: report_20260924.html
[OK] 报告已生成: D:\研二\github.auto\repo\weixiaoli-recruit\report_20260925.html (74426 bytes)
[OK] 索引已更新: D:\研二\github.auto\repo\weixiaoli-recruit\index.html (共 20 份)
[..] 模板: report_20260919.html
[OK] 报告已生成: D:\研二\github.auto\repo\traditional-auto\report_20260925.html (80796 bytes)
[OK] 索引已更新: D:\研二\github.auto\repo\traditional-auto\index.html (共 20 份)
[..] 模板: report_20260924.html
[OK] 报告已生成: D:\研二\github.auto\repo\supply-chain-recruit\report_20260925.html (74672 bytes)
[OK] 索引已更新: D:\研二\github.auto\repo\supply-chain-recruit\index.html (共 2 份)
[..] 模板: report_20260919.html
[OK] 报告已生成: D:\研二\github.auto\repo\research-institute\report_20260925.html (75200 bytes)
[OK] 索引已更新: D:\研二\github.auto\repo\research-institute\index.html (共 18 份)
[..] 模板: report_20260919.html
[OK] 报告已生成: D:\研二\github.auto\repo\future-planning\report_20260925.html (75272 bytes)
[OK] 索引已更新: D:\研二\github.auto\repo\future-planning\index.html (共 19 份)
[..] 模板: report_20260924.html
[OK] 报告已生成: D:\研二\github.auto\repo\xuzhou-news\report_20260925.html (62341 bytes)
[OK] 索引已更新: D:\研二\github.auto\repo\xuzhou-news\index.html (共 2 份)
[..] 模板: report_20260924.html
[OK] 报告已生成: D:\研二\github.auto\repo\nanjing-news\report_20260925.html (62479 bytes)
[OK] 索引已更新: D:\研二\github.auto\repo\nanjing-news\index.html (共 2 份)
[..] 模板: report_20260924.html
[OK] 报告已生成: D:\研二\github.auto\repo\shanghai-news\report_20260925.html (62285 bytes)
[OK] 索引已更新: D:\研二\github.auto\repo\shanghai-news\index.html (共 2 份)
[..] 模板: report_20260924.html
[OK] 报告已生成: D:\研二\github.auto\repo\hangzhou-news\report_20260925.html (62082 bytes)
[OK] 索引已更新: D:\研二\github.auto\repo\hangzhou-news\index.html (共 2 份)
[..] 模板: report_20260924.html
[OK] 报告已生成: D:\研二\github.auto\repo\jiangzhehu-news\report_20260925.html (62521 bytes)
[OK] 索引已更新: D:\研二\github.auto\repo\jiangzhehu-news\index.html (共 2 份)
[..] 模板: report_20260924.html
[OK] 报告已生成: D:\研二\github.auto\repo\hefei-news\report_20260925.html (62543 bytes)
[OK] 索引已更新: D:\研二\github.auto\repo\hefei-news\index.html (共 2 份)
[..] 模板: report_20260924.html
[OK] 报告已生成: D:\研二\github.auto\repo\anhui-news\report_20260925.html (62804 bytes)
[OK] 索引已更新: D:\研二\github.auto\repo\anhui-news\index.html (共 2 份)
[..] 模板: report_20260924.html
[OK] 报告已生成: D:\研二\github.auto\repo\jiangsu-news\report_20260925.html (62520 bytes)
[OK] 索引已更新: D:\研二\github.auto\repo\jiangsu-news\index.html (共 2 份)
[..] 模板: report_20260924.html
[OK] 报告已生成: D:\研二\github.auto\repo\shenzhen-news\report_20260925.html (62066 bytes)
[OK] 索引已更新: D:\研二\github.auto\repo\shenzhen-news\index.html (共 2 份)
======== 更新主页 ========
======== 站点自查 ========
====================================================================
站点健康检查  |  分类 23  报告 280  首页 OK
====================================================================

[ERROR] 漏期（1）
   2026-09-24                                     缺 11 个分类: car-recruit, mechanical-recruit, school-news, drone-research, ahut-campus, chery-recruit, geely-recruit, xiaomi-recruit, traditional-auto, research-institute, future-planning

[WARN ] 漏期（5）
   2026-09-16                                     23 个分类全部没有该日报告（全天缺失）——请用 build_backfill.py 补做
   2026-09-20                                     23 个分类全部没有该日报告（全天缺失）——请用 build_backfill.py 补做
   2026-09-21                                     23 个分类全部没有该日报告（全天缺失）——请用 build_backfill.py 补做
   2026-09-22                                     23 个分类全部没有该日报告（全天缺失）——请用 build_backfill.py 补做
   2026-09-23                                     23 个分类全部没有该日报告（全天缺失）——请用 build_backfill.py 补做

结果: 1 个错误, 5 个警告 → 需要修复
[WARN] 站点自查发现问题（见上）。已继续发布，但建议尽快修复。
======== 提交推送 ========
[..] 走凭据直连通道推送…
[OK] 已推送 GitHub Pages（凭据兜底通道）
======== 汇总 ========
成功: car-recruit, mechanical-recruit, school-news, drone-research, ahut-campus, byd-recruit, chery-recruit, geely-recruit, xiaomi-recruit, weixiaoli-recruit, traditional-auto, supply-chain-recruit, research-institute, future-planning, xuzhou-news, nanjing-news, shanghai-news, hangzhou-news, jiangzhehu-news, hefei-news, anhui-news, jiangsu-news, shenzhen-news
