[OK] 主页已更新: 0 张卡片刷新, 报告总数 246+
warning: in the working copy of 'content/byd-recruit.html', LF will be replaced by CRLF the next time Git touches it
warning: in the working copy of 'content/weixiaoli-recruit.html', LF will be replaced by CRLF the next time Git touches it
warning: in the working copy of 'logs/push_20260919_docs.log', LF will be replaced by CRLF the next time Git touches it
warning: in the working copy of 'scripts/DAILY_WORKFLOW.md', LF will be replaced by CRLF the next time Git touches it
warning: in the working copy of 'scripts/audit_site.py', LF will be replaced by CRLF the next time Git touches it
warning: in the working copy of 'scripts/fix_site.py', LF will be replaced by CRLF the next time Git touches it
warning: in the working copy of 'scripts/publish_all.py', LF will be replaced by CRLF the next time Git touches it
warning: in the working copy of 'scripts/strict_check.py', LF will be replaced by CRLF the next time Git touches it
warning: in the working copy of 'scripts/tail_template.py', LF will be replaced by CRLF the next time Git touches it
warning: in the working copy of 'scripts/update_homepage.py', LF will be replaced by CRLF the next time Git touches it
warning: in the working copy of 'logs/bootstrap_supply_chain.py', LF will be replaced by CRLF the next time Git touches it
warning: in the working copy of 'logs/trim_supply_chain_table.py', LF will be replaced by CRLF the next time Git touches it
[注意] 最近 3 天缺失报告: 2026-09-24, 2026-09-23, 2026-09-22 （如需补齐，请为这些日期生成正文并分别构建）
======== 校验正文 ========
[READY] 1/1 通过校验
[SKIP] --no-build
======== 更新主页 ========
======== 站点自查 ========
====================================================================
站点健康检查  |  分类 14  报告 246  首页 OK
====================================================================

[ERROR] 漏期（1）
   2026-09-24                                     缺 13 个分类: car-recruit, mechanical-recruit, school-news, drone-research, ahut-campus, byd-recruit, chery-recruit, geely-recruit, xiaomi-recruit, weixiaoli-recruit, traditional-auto, research-institute, future-planning

[WARN ] 漏期（5）
   2026-09-16                                     14 个分类全部没有该日报告（全天缺失）——请用 build_backfill.py 补做
   2026-09-20                                     14 个分类全部没有该日报告（全天缺失）——请用 build_backfill.py 补做
   2026-09-21                                     14 个分类全部没有该日报告（全天缺失）——请用 build_backfill.py 补做
   2026-09-22                                     14 个分类全部没有该日报告（全天缺失）——请用 build_backfill.py 补做
   2026-09-23                                     14 个分类全部没有该日报告（全天缺失）——请用 build_backfill.py 补做

结果: 1 个错误, 5 个警告 → 需要修复
[WARN] 站点自查发现问题（见上）。已继续发布，但建议尽快修复。
======== 提交推送 ========
[..] 走凭据直连通道推送…
[WARN] [FAIL] 兜底推送超时
[WARN] 常规 push 第 1/3 次失败: fatal: unable to access 'https://github.com/TS-dinglilu/TS-dinglilu.github.io.git/': Failed to connect to github.com:443 after 211
[OK] 已推送 GitHub Pages
======== 汇总 ========
成功: supply-chain-recruit
