[OK] 主页已更新: 23 张卡片刷新, 报告总数 314+
warning: in the working copy of '.workbuddy/memory/2026-09-25.md', LF will be replaced by CRLF the next time Git touches it
warning: in the working copy of 'content/ahut-campus.html', LF will be replaced by CRLF the next time Git touches it
warning: in the working copy of 'content/anhui-news.html', LF will be replaced by CRLF the next time Git touches it
warning: in the working copy of 'content/byd-recruit.html', LF will be replaced by CRLF the next time Git touches it
warning: in the working copy of 'content/car-recruit.html', LF will be replaced by CRLF the next time Git touches it
warning: in the working copy of 'content/chery-recruit.html', LF will be replaced by CRLF the next time Git touches it
warning: in the working copy of 'content/drone-research.html', LF will be replaced by CRLF the next time Git touches it
warning: in the working copy of 'content/future-planning.html', LF will be replaced by CRLF the next time Git touches it
warning: in the working copy of 'content/geely-recruit.html', LF will be replaced by CRLF the next time Git touches it
warning: in the working copy of 'content/hangzhou-news.html', LF will be replaced by CRLF the next time Git touches it
warning: in the working copy of 'content/hefei-news.html', LF will be replaced by CRLF the next time Git touches it
warning: in the working copy of 'content/jiangsu-news.html', LF will be replaced by CRLF the next time Git touches it
warning: in the working copy of 'content/jiangzhehu-news.html', LF will be replaced by CRLF the next time Git touches it
warning: in the working copy of 'content/mechanical-recruit.html', LF will be replaced by CRLF the next time Git touches it
warning: in the working copy of 'content/nanjing-news.html', LF will be replaced by CRLF the next time Git touches it
warning: in the working copy of 'content/school-news.html', LF will be replaced by CRLF the next time Git touches it
warning: in the working copy of 'content/shanghai-news.html', LF will be replaced by CRLF the next time Git touches it
warning: in the working copy of 'content/shenzhen-news.html', LF will be replaced by CRLF the next time Git touches it
warning: in the working copy of 'content/traditional-auto.html', LF will be replaced by CRLF the next time Git touches it
warning: in the working copy of 'content/weixiaoli-recruit.html', LF will be replaced by CRLF the next time Git touches it
warning: in the working copy of 'content/xiaomi-recruit.html', LF will be replaced by CRLF the next time Git touches it
warning: in the working copy of 'content/xuzhou-news.html', LF will be replaced by CRLF the next time Git touches it
[注意] 最近 3 天缺失报告: 2026-09-26 （如需补齐，请为这些日期生成正文并分别构建）
======== 校验正文 ========
[READY] 23/23 通过校验
======== 构建报告 2026-09-26 ========
[..] 模板: report_20260925.html
[OK] 报告已生成: d:\研二\github.auto\repo\car-recruit\report_20260926.html (70967 bytes)
[OK] 索引已更新: d:\研二\github.auto\repo\car-recruit\index.html (共 23 份)
[..] 模板: report_20260925.html
[OK] 报告已生成: d:\研二\github.auto\repo\mechanical-recruit\report_20260926.html (80836 bytes)
[OK] 索引已更新: d:\研二\github.auto\repo\mechanical-recruit\index.html (共 22 份)
[..] 模板: report_20260925.html
[OK] 报告已生成: d:\研二\github.auto\repo\school-news\report_20260926.html (72882 bytes)
[OK] 索引已更新: d:\研二\github.auto\repo\school-news\index.html (共 24 份)
[..] 模板: report_20260925.html
[OK] 报告已生成: d:\研二\github.auto\repo\drone-research\report_20260926.html (73363 bytes)
[OK] 索引已更新: d:\研二\github.auto\repo\drone-research\index.html (共 23 份)
[..] 模板: report_20260925.html
[OK] 报告已生成: d:\研二\github.auto\repo\ahut-campus\report_20260926.html (72771 bytes)
[OK] 索引已更新: d:\研二\github.auto\repo\ahut-campus\index.html (共 22 份)
[..] 模板: report_20260925.html
[OK] 报告已生成: d:\研二\github.auto\repo\byd-recruit\report_20260926.html (71953 bytes)
[OK] 索引已更新: d:\研二\github.auto\repo\byd-recruit\index.html (共 21 份)
[..] 模板: report_20260925.html
[OK] 报告已生成: d:\研二\github.auto\repo\chery-recruit\report_20260926.html (74238 bytes)
[OK] 索引已更新: d:\研二\github.auto\repo\chery-recruit\index.html (共 22 份)
[..] 模板: report_20260925.html
[OK] 报告已生成: d:\研二\github.auto\repo\geely-recruit\report_20260926.html (70536 bytes)
[OK] 索引已更新: d:\研二\github.auto\repo\geely-recruit\index.html (共 21 份)
[..] 模板: report_20260925.html
[OK] 报告已生成: d:\研二\github.auto\repo\xiaomi-recruit\report_20260926.html (69421 bytes)
[OK] 索引已更新: d:\研二\github.auto\repo\xiaomi-recruit\index.html (共 22 份)
[..] 模板: report_20260925.html
[OK] 报告已生成: d:\研二\github.auto\repo\weixiaoli-recruit\report_20260926.html (73826 bytes)
[OK] 索引已更新: d:\研二\github.auto\repo\weixiaoli-recruit\index.html (共 21 份)
[..] 模板: report_20260925.html
[OK] 报告已生成: d:\研二\github.auto\repo\traditional-auto\report_20260926.html (75848 bytes)
[OK] 索引已更新: d:\研二\github.auto\repo\traditional-auto\index.html (共 22 份)
[..] 模板: report_20260925.html
[OK] 报告已生成: d:\研二\github.auto\repo\supply-chain-recruit\report_20260926.html (73775 bytes)
[OK] 索引已更新: d:\研二\github.auto\repo\supply-chain-recruit\index.html (共 3 份)
[..] 模板: report_20260925.html
[OK] 报告已生成: d:\研二\github.auto\repo\research-institute\report_20260926.html (75286 bytes)
[OK] 索引已更新: d:\研二\github.auto\repo\research-institute\index.html (共 20 份)
[..] 模板: report_20260925.html
[OK] 报告已生成: d:\研二\github.auto\repo\future-planning\report_20260926.html (69696 bytes)
[OK] 索引已更新: d:\研二\github.auto\repo\future-planning\index.html (共 21 份)
[..] 模板: report_20260925.html
[OK] 报告已生成: d:\研二\github.auto\repo\xuzhou-news\report_20260926.html (67444 bytes)
[OK] 索引已更新: d:\研二\github.auto\repo\xuzhou-news\index.html (共 3 份)
[..] 模板: report_20260925.html
[OK] 报告已生成: d:\研二\github.auto\repo\nanjing-news\report_20260926.html (65654 bytes)
[OK] 索引已更新: d:\研二\github.auto\repo\nanjing-news\index.html (共 3 份)
[..] 模板: report_20260925.html
[OK] 报告已生成: d:\研二\github.auto\repo\shanghai-news\report_20260926.html (66393 bytes)
[OK] 索引已更新: d:\研二\github.auto\repo\shanghai-news\index.html (共 3 份)
[..] 模板: report_20260925.html
[OK] 报告已生成: d:\研二\github.auto\repo\hangzhou-news\report_20260926.html (66101 bytes)
[OK] 索引已更新: d:\研二\github.auto\repo\hangzhou-news\index.html (共 3 份)
[..] 模板: report_20260925.html
[OK] 报告已生成: d:\研二\github.auto\repo\jiangzhehu-news\report_20260926.html (63860 bytes)
[OK] 索引已更新: d:\研二\github.auto\repo\jiangzhehu-news\index.html (共 3 份)
[..] 模板: report_20260925.html
[OK] 报告已生成: d:\研二\github.auto\repo\hefei-news\report_20260926.html (67387 bytes)
[OK] 索引已更新: d:\研二\github.auto\repo\hefei-news\index.html (共 3 份)
[..] 模板: report_20260925.html
[OK] 报告已生成: d:\研二\github.auto\repo\anhui-news\report_20260926.html (65994 bytes)
[OK] 索引已更新: d:\研二\github.auto\repo\anhui-news\index.html (共 3 份)
[..] 模板: report_20260925.html
[OK] 报告已生成: d:\研二\github.auto\repo\jiangsu-news\report_20260926.html (66061 bytes)
[OK] 索引已更新: d:\研二\github.auto\repo\jiangsu-news\index.html (共 3 份)
[..] 模板: report_20260925.html
[OK] 报告已生成: d:\研二\github.auto\repo\shenzhen-news\report_20260926.html (65297 bytes)
[OK] 索引已更新: d:\研二\github.auto\repo\shenzhen-news\index.html (共 3 份)
======== 更新主页 ========
======== 站点自查 ========
[OK] 站点自查通过
======== 提交推送 ========
[..] 走凭据直连通道推送…
[OK] 已推送 GitHub Pages（凭据兜底通道）
======== 汇总 ========
成功: car-recruit, mechanical-recruit, school-news, drone-research, ahut-campus, byd-recruit, chery-recruit, geely-recruit, xiaomi-recruit, weixiaoli-recruit, traditional-auto, supply-chain-recruit, research-institute, future-planning, xuzhou-news, nanjing-news, shanghai-news, hangzhou-news, jiangzhehu-news, hefei-news, anhui-news, jiangsu-news, shenzhen-news
