[OK] 主页已更新: 0 张卡片刷新, 报告总数 390+
[注意] 最近 3 天缺失报告: 2026-09-30, 2026-09-29 （如需补齐，请为这些日期生成正文并分别构建）
======== 校验正文 ========
[READY] 34/34 通过校验
======== 构建报告 2026-10-01 ========
[..] 模板: report_20260927.html
[OK] 报告已生成: D:\研二\github.auto\repo\car-recruit\report_20261001.html (69159 bytes)
[OK] 索引已更新: D:\研二\github.auto\repo\car-recruit\index.html (共 25 份)
[..] 模板: report_20260927.html
[OK] 报告已生成: D:\研二\github.auto\repo\mechanical-recruit\report_20261001.html (69142 bytes)
[OK] 索引已更新: D:\研二\github.auto\repo\mechanical-recruit\index.html (共 24 份)
[..] 模板: report_20260927.html
[OK] 报告已生成: D:\研二\github.auto\repo\school-news\report_20261001.html (68159 bytes)
[OK] 索引已更新: D:\研二\github.auto\repo\school-news\index.html (共 26 份)
[..] 模板: report_20260927.html
[OK] 报告已生成: D:\研二\github.auto\repo\drone-research\report_20261001.html (72986 bytes)
[OK] 索引已更新: D:\研二\github.auto\repo\drone-research\index.html (共 25 份)
[..] 模板: report_20260927.html
[OK] 报告已生成: D:\研二\github.auto\repo\ahut-campus\report_20261001.html (67196 bytes)
[OK] 索引已更新: D:\研二\github.auto\repo\ahut-campus\index.html (共 24 份)
[..] 模板: report_20260927.html
[OK] 报告已生成: D:\研二\github.auto\repo\byd-recruit\report_20261001.html (67281 bytes)
[OK] 索引已更新: D:\研二\github.auto\repo\byd-recruit\index.html (共 23 份)
[..] 模板: report_20260927.html
[OK] 报告已生成: D:\研二\github.auto\repo\chery-recruit\report_20261001.html (69720 bytes)
[OK] 索引已更新: D:\研二\github.auto\repo\chery-recruit\index.html (共 24 份)
[..] 模板: report_20260927.html
[OK] 报告已生成: D:\研二\github.auto\repo\chery-insider\report_20261001.html (70590 bytes)
[OK] 索引已更新: D:\研二\github.auto\repo\chery-insider\index.html (共 2 份)
[..] 模板: report_20260927.html
[OK] 报告已生成: D:\研二\github.auto\repo\geely-recruit\report_20261001.html (68698 bytes)
[OK] 索引已更新: D:\研二\github.auto\repo\geely-recruit\index.html (共 23 份)
[..] 模板: report_20260927.html
[OK] 报告已生成: D:\研二\github.auto\repo\xiaomi-recruit\report_20261001.html (68407 bytes)
[OK] 索引已更新: D:\研二\github.auto\repo\xiaomi-recruit\index.html (共 24 份)
[..] 模板: report_20260927.html
[OK] 报告已生成: D:\研二\github.auto\repo\weixiaoli-recruit\report_20261001.html (70187 bytes)
[OK] 索引已更新: D:\研二\github.auto\repo\weixiaoli-recruit\index.html (共 23 份)
[..] 模板: report_20260927.html
[OK] 报告已生成: D:\研二\github.auto\repo\traditional-auto\report_20261001.html (72592 bytes)
[OK] 索引已更新: D:\研二\github.auto\repo\traditional-auto\index.html (共 24 份)
[..] 模板: report_20260927.html
[OK] 报告已生成: D:\研二\github.auto\repo\supply-chain-recruit\report_20261001.html (73401 bytes)
[OK] 索引已更新: D:\研二\github.auto\repo\supply-chain-recruit\index.html (共 5 份)
[..] 模板: report_20260927.html
[OK] 报告已生成: D:\研二\github.auto\repo\research-institute\report_20261001.html (69010 bytes)
[OK] 索引已更新: D:\研二\github.auto\repo\research-institute\index.html (共 22 份)
[..] 模板: report_20260927.html
[OK] 报告已生成: D:\研二\github.auto\repo\future-planning\report_20261001.html (67586 bytes)
[OK] 索引已更新: D:\研二\github.auto\repo\future-planning\index.html (共 23 份)
[..] 模板: report_20260927.html
[OK] 报告已生成: D:\研二\github.auto\repo\xuzhou-news\report_20261001.html (66544 bytes)
[OK] 索引已更新: D:\研二\github.auto\repo\xuzhou-news\index.html (共 5 份)
[..] 模板: report_20260927.html
[OK] 报告已生成: D:\研二\github.auto\repo\nanjing-news\report_20261001.html (64184 bytes)
[OK] 索引已更新: D:\研二\github.auto\repo\nanjing-news\index.html (共 5 份)
[..] 模板: report_20260927.html
[OK] 报告已生成: D:\研二\github.auto\repo\shanghai-news\report_20261001.html (65812 bytes)
[OK] 索引已更新: D:\研二\github.auto\repo\shanghai-news\index.html (共 5 份)
[..] 模板: report_20260927.html
[OK] 报告已生成: D:\研二\github.auto\repo\hangzhou-news\report_20261001.html (64851 bytes)
[OK] 索引已更新: D:\研二\github.auto\repo\hangzhou-news\index.html (共 5 份)
[..] 模板: report_20260927.html
[OK] 报告已生成: D:\研二\github.auto\repo\jiangzhehu-news\report_20261001.html (64404 bytes)
[OK] 索引已更新: D:\研二\github.auto\repo\jiangzhehu-news\index.html (共 5 份)
[..] 模板: report_20260927.html
[OK] 报告已生成: D:\研二\github.auto\repo\hefei-news\report_20261001.html (64112 bytes)
[OK] 索引已更新: D:\研二\github.auto\repo\hefei-news\index.html (共 5 份)
[..] 模板: report_20260927.html
[OK] 报告已生成: D:\研二\github.auto\repo\anhui-news\report_20261001.html (64162 bytes)
[OK] 索引已更新: D:\研二\github.auto\repo\anhui-news\index.html (共 5 份)
[..] 模板: report_20260927.html
[OK] 报告已生成: D:\研二\github.auto\repo\jiangsu-news\report_20261001.html (65105 bytes)
[OK] 索引已更新: D:\研二\github.auto\repo\jiangsu-news\index.html (共 5 份)
[..] 模板: report_20260927.html
[OK] 报告已生成: D:\研二\github.auto\repo\shenzhen-news\report_20261001.html (64204 bytes)
[OK] 索引已更新: D:\研二\github.auto\repo\shenzhen-news\index.html (共 5 份)
[..] 模板: report_20260927.html
[OK] 报告已生成: D:\研二\github.auto\repo\xuzhou-recruit\report_20261001.html (68521 bytes)
[OK] 索引已更新: D:\研二\github.auto\repo\xuzhou-recruit\index.html (共 3 份)
[..] 模板: report_20260927.html
[OK] 报告已生成: D:\研二\github.auto\repo\nanjing-recruit\report_20261001.html (69096 bytes)
[OK] 索引已更新: D:\研二\github.auto\repo\nanjing-recruit\index.html (共 3 份)
[..] 模板: report_20260927.html
[OK] 报告已生成: D:\研二\github.auto\repo\shanghai-recruit\report_20261001.html (70573 bytes)
[OK] 索引已更新: D:\研二\github.auto\repo\shanghai-recruit\index.html (共 3 份)
[..] 模板: report_20260927.html
[OK] 报告已生成: D:\研二\github.auto\repo\hangzhou-recruit\report_20261001.html (67562 bytes)
[OK] 索引已更新: D:\研二\github.auto\repo\hangzhou-recruit\index.html (共 3 份)
[..] 模板: report_20260927.html
[OK] 报告已生成: D:\研二\github.auto\repo\jiangzhehu-recruit\report_20261001.html (67398 bytes)
[OK] 索引已更新: D:\研二\github.auto\repo\jiangzhehu-recruit\index.html (共 3 份)
[..] 模板: report_20260927.html
[OK] 报告已生成: D:\研二\github.auto\repo\hefei-recruit\report_20261001.html (67242 bytes)
[OK] 索引已更新: D:\研二\github.auto\repo\hefei-recruit\index.html (共 3 份)
[..] 模板: report_20260927.html
[OK] 报告已生成: D:\研二\github.auto\repo\anhui-recruit\report_20261001.html (65995 bytes)
[OK] 索引已更新: D:\研二\github.auto\repo\anhui-recruit\index.html (共 3 份)
[..] 模板: report_20260927.html
[OK] 报告已生成: D:\研二\github.auto\repo\jiangsu-recruit\report_20261001.html (66999 bytes)
[OK] 索引已更新: D:\研二\github.auto\repo\jiangsu-recruit\index.html (共 3 份)
[..] 模板: report_20260927.html
[OK] 报告已生成: D:\研二\github.auto\repo\shenzhen-recruit\report_20261001.html (65409 bytes)
[OK] 索引已更新: D:\研二\github.auto\repo\shenzhen-recruit\index.html (共 3 份)
[..] 模板: report_20261001.html
[OK] 报告已生成: D:\研二\github.auto\repo\company-reputation\report_20261001.html (74043 bytes)
[OK] 索引已更新: D:\研二\github.auto\repo\company-reputation\index.html (共 1 份)
======== 更新主页 ========
======== 站点自查 ========
[OK] 站点自查通过
======== 汇总 ========
成功: car-recruit, mechanical-recruit, school-news, drone-research, ahut-campus, byd-recruit, chery-recruit, chery-insider, geely-recruit, xiaomi-recruit, weixiaoli-recruit, traditional-auto, supply-chain-recruit, research-institute, future-planning, xuzhou-news, nanjing-news, shanghai-news, hangzhou-news, jiangzhehu-news, hefei-news, anhui-news, jiangsu-news, shenzhen-news, xuzhou-recruit, nanjing-recruit, shanghai-recruit, hangzhou-recruit, jiangzhehu-recruit, hefei-recruit, anhui-recruit, jiangsu-recruit, shenzhen-recruit, company-reputation
