[2026-07-26 12:33:44] ===== TRAE记忆导出开始 =====
[2026-07-26 12:33:45] 读取用户档案...
[2026-07-26 12:33:45]   用户档案读取成功
[2026-07-26 12:33:45] 读取trae自动化项目记忆...
[2026-07-26 12:33:45]   trae自动化项目记忆读取成功
[2026-07-26 12:33:45] 读取最近话题...
[2026-07-26 12:33:45]   2026-07-26 话题读取成功
[2026-07-26 12:33:45]   2026-07-25 话题读取成功
[2026-07-26 12:33:45] 读取其他项目记忆...
[2026-07-26 12:33:46]   根目录D盘 项目记忆文件不存在
[2026-07-26 12:33:46]   百度网盘下载 项目记忆文件不存在
[2026-07-26 12:33:46]   AI-Link 项目记忆文件不存在
[2026-07-26 12:33:46]   AI日志App 项目记忆读取成功
[2026-07-26 12:33:46]   shoggoth-mini 项目记忆文件不存在
[2026-07-26 12:33:46]   边坡巡检 项目记忆文件不存在
[2026-07-26 12:33:46]   WorkBuddy 项目记忆文件不存在
[2026-07-26 12:33:46]   研究生 项目记忆文件不存在
[2026-07-26 12:33:46]   专利 项目记忆文件不存在
[2026-07-26 12:33:46]   贾老师跨媒体飞行 项目记忆文件不存在
[2026-07-26 12:33:46]   跨媒体飞行(副本) 项目记忆文件不存在
[2026-07-26 12:33:46]   跨媒体飞行2 项目记忆文件不存在
[2026-07-26 12:33:46]   AquaWing UAV仿真 项目记忆读取成功
[2026-07-26 12:33:46]   跨媒体飞行Python强化学习 项目记忆读取成功
[2026-07-26 12:33:46]   跨媒体飞行TRAE 项目记忆文件不存在
[2026-07-26 12:33:46]   跨媒体飞行TRAE2 项目记忆文件不存在
[2026-07-26 12:33:46] 生成文件清单...
[2026-07-26 12:33:46] 写入导出文件: d:\BaiduNetdiskDownload\trae自动化\trae_memory_export.txt
[2026-07-26 12:33:46] 导出完成! 文件大小: 29224 字节
[2026-07-26 12:33:46] ===== TRAE记忆导出结束 =====
