[test] log write test
[2026-07-26 13:13:43] Python exit: 0
[2026-07-30 04:30:03] ===== TRAE自动化任务导出开始 =====
[2026-07-30 04:30:03] 执行Python导出脚本: d:\BaiduNetdiskDownload\trae自动化\export_trae_tasks.py
[2026-07-30 04:30:03] Python路径: C:\Users\dingliu\AppData\Local\Programs\Python\Python312\python.exe
[2026-07-30 04:30:03] Python脚本执行成功
[2026-07-30 04:30:03] 输出: 导出完成！ 文件路径：d:\BaiduNetdiskDownload\trae自动化\trae_tasks_export.txt 文件大小：39299 字节 导出时间：2026-07-30 04:30:03 任务总数：15个 跳过任务：1个
[2026-07-30 04:30:03] 导出文件验证成功
[2026-07-30 04:30:03]   文件路径: d:\BaiduNetdiskDownload\trae自动化\trae_tasks_export.txt
[2026-07-30 04:30:03]   文件大小: 39299 字节
[2026-07-30 04:30:03]   最后修改: 07/30/2026 04:30:03
[2026-07-30 04:30:03] ===== TRAE自动化任务导出结束 =====
[2026-07-31 04:30:03] ===== TRAE自动化任务导出开始 =====
[2026-07-31 04:30:03] 执行Python导出脚本: d:\BaiduNetdiskDownload\trae自动化\export_trae_tasks.py
[2026-07-31 04:30:03] Python路径: C:\Users\dingliu\AppData\Local\Programs\Python\Python312\python.exe
[2026-07-31 04:30:04] Python脚本执行成功
[2026-07-31 04:30:04] 输出: 导出完成！ 文件路径：d:\BaiduNetdiskDownload\trae自动化\trae_tasks_export.txt 文件大小：39299 字节 导出时间：2026-07-31 04:30:04 任务总数：15个 跳过任务：1个
[2026-07-31 04:30:04] 导出文件验证成功
[2026-07-31 04:30:04]   文件路径: d:\BaiduNetdiskDownload\trae自动化\trae_tasks_export.txt
[2026-07-31 04:30:04]   文件大小: 39299 字节
[2026-07-31 04:30:04]   最后修改: 07/31/2026 04:30:04
[2026-07-31 04:30:04] ===== TRAE自动化任务导出结束 =====
[2026-08-01 04:30:03] ===== TRAE自动化任务导出开始 =====
[2026-08-01 04:30:03] 执行Python导出脚本: d:\BaiduNetdiskDownload\trae自动化\export_trae_tasks.py
[2026-08-01 04:30:03] Python路径: C:\Users\dingliu\AppData\Local\Programs\Python\Python312\python.exe
[2026-08-01 04:30:03] Python脚本执行成功
[2026-08-01 04:30:03] 输出: 导出完成！ 文件路径：d:\BaiduNetdiskDownload\trae自动化\trae_tasks_export.txt 文件大小：39299 字节 导出时间：2026-08-01 04:30:03 任务总数：15个 跳过任务：1个
[2026-08-01 04:30:03] 导出文件验证成功
[2026-08-01 04:30:03]   文件路径: d:\BaiduNetdiskDownload\trae自动化\trae_tasks_export.txt
[2026-08-01 04:30:03]   文件大小: 39299 字节
[2026-08-01 04:30:03]   最后修改: 08/01/2026 04:30:03
[2026-08-01 04:30:03] ===== TRAE自动化任务导出结束 =====
[2026-08-02 04:30:03] ===== TRAE自动化任务导出开始 =====
[2026-08-02 04:30:03] 执行Python导出脚本: d:\BaiduNetdiskDownload\trae自动化\export_trae_tasks.py
[2026-08-02 04:30:03] Python路径: C:\Users\dingliu\AppData\Local\Programs\Python\Python312\python.exe
[2026-08-02 04:30:03] Python脚本执行成功
[2026-08-02 04:30:03] 输出: 导出完成！ 文件路径：d:\BaiduNetdiskDownload\trae自动化\trae_tasks_export.txt 文件大小：39299 字节 导出时间：2026-08-02 04:30:03 任务总数：15个 跳过任务：1个
[2026-08-02 04:30:03] 导出文件验证成功
[2026-08-02 04:30:03]   文件路径: d:\BaiduNetdiskDownload\trae自动化\trae_tasks_export.txt
[2026-08-02 04:30:03]   文件大小: 39299 字节
[2026-08-02 04:30:03]   最后修改: 08/02/2026 04:30:03
[2026-08-02 04:30:03] ===== TRAE自动化任务导出结束 =====
[2026-08-03 04:30:03] ===== TRAE自动化任务导出开始 =====
[2026-08-03 04:30:03] 执行Python导出脚本: d:\BaiduNetdiskDownload\trae自动化\export_trae_tasks.py
[2026-08-03 04:30:03] Python路径: C:\Users\dingliu\AppData\Local\Programs\Python\Python312\python.exe
[2026-08-03 04:30:03] Python脚本执行成功
[2026-08-03 04:30:03] 输出: 导出完成！ 文件路径：d:\BaiduNetdiskDownload\trae自动化\trae_tasks_export.txt 文件大小：39299 字节 导出时间：2026-08-03 04:30:03 任务总数：15个 跳过任务：1个
[2026-08-03 04:30:03] 导出文件验证成功
[2026-08-03 04:30:03]   文件路径: d:\BaiduNetdiskDownload\trae自动化\trae_tasks_export.txt
[2026-08-03 04:30:03]   文件大小: 39299 字节
[2026-08-03 04:30:03]   最后修改: 08/03/2026 04:30:03
[2026-08-03 04:30:03] ===== TRAE自动化任务导出结束 =====
