已统一 5 份报告

=== 跳过（201 份）===
  ahut-campus/report_20260726.html                 已是标准尾部
  ahut-campus/report_20260727.html                 已是标准尾部
  ahut-campus/report_20260728.html                 已是标准尾部
  ahut-campus/report_20260729.html                 已是标准尾部
  ahut-campus/report_20260803.html                 已是标准尾部
  ahut-campus/report_20260804.html                 已是标准尾部
  ahut-campus/report_20260805.html                 已是标准尾部
  ahut-campus/report_20260806.html                 已是标准尾部
  ahut-campus/report_20260807.html                 已是标准尾部
  ahut-campus/report_20260909.html                 已是标准尾部
  ahut-campus/report_20260910.html                 已是标准尾部
  ahut-campus/report_20260911.html                 已是标准尾部
  ahut-campus/report_20260912.html                 已是标准尾部
  ahut-campus/report_20260913.html                 已是标准尾部
  ahut-campus/report_20260914.html                 已是标准尾部
  ahut-campus/report_20260915.html                 已是标准尾部
  byd-recruit/report_20260727.html                 已是标准尾部
  byd-recruit/report_20260728.html                 已是标准尾部
  byd-recruit/report_20260729.html                 已是标准尾部
  byd-recruit/report_20260803.html                 已是标准尾部
  byd-recruit/report_20260804.html                 已是标准尾部
  byd-recruit/report_20260805.html                 已是标准尾部
  byd-recruit/report_20260806.html                 已是标准尾部
  byd-recruit/report_20260807.html                 已是标准尾部
  byd-recruit/report_20260909.html                 已是标准尾部
  byd-recruit/report_20260910.html                 已是标准尾部
  byd-recruit/report_20260911.html                 已是标准尾部
  byd-recruit/report_20260912.html                 已是标准尾部
  byd-recruit/report_20260913.html                 已是标准尾部
  byd-recruit/report_20260914.html                 已是标准尾部
  byd-recruit/report_20260915.html                 已是标准尾部
  car-recruit/report_20260725.html                 已是标准尾部
  car-recruit/report_20260726.html                 已是标准尾部
  car-recruit/report_20260727.html                 已是标准尾部
  car-recruit/report_20260728.html                 已是标准尾部
  car-recruit/report_20260729.html                 已是标准尾部
  car-recruit/report_20260803.html                 已是标准尾部
  car-recruit/report_20260804.html                 已是标准尾部
  car-recruit/report_20260805.html                 已是标准尾部
  car-recruit/report_20260806.html                 已是标准尾部
  car-recruit/report_20260807.html                 已是标准尾部
  car-recruit/report_20260909.html                 已是标准尾部
  car-recruit/report_20260910.html                 已是标准尾部
  car-recruit/report_20260911.html                 已是标准尾部
  car-recruit/report_20260912.html                 已是标准尾部
  car-recruit/report_20260913.html                 已是标准尾部
  car-recruit/report_20260914.html                 已是标准尾部
  car-recruit/report_20260915.html                 已是标准尾部
  chery-recruit/report_20260727.html               已是标准尾部
  chery-recruit/report_20260728.html               已是标准尾部
  chery-recruit/report_20260729.html               已是标准尾部
  chery-recruit/report_20260730.html               已是标准尾部
  chery-recruit/report_20260803.html               已是标准尾部
  chery-recruit/report_20260804.html               已是标准尾部
  chery-recruit/report_20260805.html               已是标准尾部
  chery-recruit/report_20260806.html               已是标准尾部
  chery-recruit/report_20260807.html               已是标准尾部
  chery-recruit/report_20260909.html               已是标准尾部
  chery-recruit/report_20260910.html               已是标准尾部
  chery-recruit/report_20260911.html               已是标准尾部
  chery-recruit/report_20260912.html               已是标准尾部
  chery-recruit/report_20260913.html               已是标准尾部
  chery-recruit/report_20260914.html               已是标准尾部
  chery-recruit/report_20260915.html               已是标准尾部
  drone-research/report_20260725.html              已是标准尾部
  drone-research/report_20260726.html              已是标准尾部
  drone-research/report_20260727.html              已是标准尾部
  drone-research/report_20260728.html              已是标准尾部
  drone-research/report_20260729.html              已是标准尾部
  drone-research/report_20260803.html              已是标准尾部
  drone-research/report_20260804.html              已是标准尾部
  drone-research/report_20260805.html              已是标准尾部
  drone-research/report_20260806.html              已是标准尾部
  drone-research/report_20260807.html              已是标准尾部
  drone-research/report_20260909.html              已是标准尾部
  drone-research/report_20260910.html              已是标准尾部
  drone-research/report_20260911.html              已是标准尾部
  drone-research/report_20260912.html              已是标准尾部
  drone-research/report_20260913.html              已是标准尾部
  drone-research/report_20260914.html              已是标准尾部
  future-planning/report_20260728.html             已是标准尾部
  future-planning/report_20260729.html             已是标准尾部
  future-planning/report_20260730.html             已是标准尾部
  future-planning/report_20260803.html             已是标准尾部
  future-planning/report_20260804.html             已是标准尾部
  future-planning/report_20260805.html             已是标准尾部
  future-planning/report_20260806.html             已是标准尾部
  future-planning/report_20260807.html             已是标准尾部
  future-planning/report_20260909.html             已是标准尾部
  future-planning/report_20260910.html             已是标准尾部
  future-planning/report_20260911.html             已是标准尾部
  future-planning/report_20260912.html             已是标准尾部
  future-planning/report_20260913.html             已是标准尾部
  future-planning/report_20260914.html             已是标准尾部
  geely-recruit/report_20260727.html               已是标准尾部
  geely-recruit/report_20260728.html               已是标准尾部
  geely-recruit/report_20260729.html               已是标准尾部
  geely-recruit/report_20260803.html               已是标准尾部
  geely-recruit/report_20260804.html               已是标准尾部
  geely-recruit/report_20260805.html               已是标准尾部
  geely-recruit/report_20260806.html               已是标准尾部
  geely-recruit/report_20260807.html               已是标准尾部
  geely-recruit/report_20260909.html               已是标准尾部
  geely-recruit/report_20260910.html               已是标准尾部
  geely-recruit/report_20260911.html               已是标准尾部
  geely-recruit/report_20260912.html               已是标准尾部
  geely-recruit/report_20260913.html               已是标准尾部
  geely-recruit/report_20260914.html               已是标准尾部
  geely-recruit/report_20260915.html               已是标准尾部
  mechanical-recruit/report_20260726.html          已是标准尾部
  mechanical-recruit/report_20260727.html          已是标准尾部
  mechanical-recruit/report_20260728.html          已是标准尾部
  mechanical-recruit/report_20260729.html          已是标准尾部
  mechanical-recruit/report_20260803.html          已是标准尾部
  mechanical-recruit/report_20260804.html          已是标准尾部
  mechanical-recruit/report_20260805.html          已是标准尾部
  mechanical-recruit/report_20260806.html          已是标准尾部
  mechanical-recruit/report_20260807.html          已是标准尾部
  mechanical-recruit/report_20260909.html          已是标准尾部
  mechanical-recruit/report_20260910.html          已是标准尾部
  mechanical-recruit/report_20260911.html          已是标准尾部
  mechanical-recruit/report_20260912.html          已是标准尾部
  mechanical-recruit/report_20260913.html          已是标准尾部
  mechanical-recruit/report_20260914.html          已是标准尾部
  mechanical-recruit/report_20260915.html          已是标准尾部
  research-institute/report_20260728.html          已是标准尾部
  research-institute/report_20260729.html          已是标准尾部
  research-institute/report_20260803.html          已是标准尾部
  research-institute/report_20260804.html          已是标准尾部
  research-institute/report_20260805.html          已是标准尾部
  research-institute/report_20260806.html          已是标准尾部
  research-institute/report_20260807.html          已是标准尾部
  research-institute/report_20260909.html          已是标准尾部
  research-institute/report_20260910.html          已是标准尾部
  research-institute/report_20260911.html          已是标准尾部
  research-institute/report_20260912.html          已是标准尾部
  research-institute/report_20260913.html          已是标准尾部
  research-institute/report_20260914.html          已是标准尾部
  school-news/report_20260725.html                 已是标准尾部
  school-news/report_20260726.html                 已是标准尾部
  school-news/report_20260727.html                 已是标准尾部
  school-news/report_20260728.html                 已是标准尾部
  school-news/report_20260729.html                 已是标准尾部
  school-news/report_20260730.html                 已是标准尾部
  school-news/report_20260803.html                 已是标准尾部
  school-news/report_20260804.html                 已是标准尾部
  school-news/report_20260805.html                 已是标准尾部
  school-news/report_20260806.html                 已是标准尾部
  school-news/report_20260807.html                 已是标准尾部
  school-news/report_20260909.html                 已是标准尾部
  school-news/report_20260910.html                 已是标准尾部
  school-news/report_20260911.html                 已是标准尾部
  school-news/report_20260912.html                 已是标准尾部
  school-news/report_20260913.html                 已是标准尾部
  school-news/report_20260914.html                 已是标准尾部
  school-news/report_20260915.html                 已是标准尾部
  traditional-auto/report_20260727.html            已是标准尾部
  traditional-auto/report_20260728.html            已是标准尾部
  traditional-auto/report_20260729.html            已是标准尾部
  traditional-auto/report_20260730.html            已是标准尾部
  traditional-auto/report_20260803.html            已是标准尾部
  traditional-auto/report_20260804.html            已是标准尾部
  traditional-auto/report_20260805.html            已是标准尾部
  traditional-auto/report_20260806.html            已是标准尾部
  traditional-auto/report_20260807.html            已是标准尾部
  traditional-auto/report_20260909.html            已是标准尾部
  traditional-auto/report_20260910.html            已是标准尾部
  traditional-auto/report_20260911.html            已是标准尾部
  traditional-auto/report_20260912.html            已是标准尾部
  traditional-auto/report_20260913.html            已是标准尾部
  traditional-auto/report_20260914.html            已是标准尾部
  weixiaoli-recruit/report_20260727.html           已是标准尾部
  weixiaoli-recruit/report_20260728.html           已是标准尾部
  weixiaoli-recruit/report_20260729.html           已是标准尾部
  weixiaoli-recruit/report_20260803.html           已是标准尾部
  weixiaoli-recruit/report_20260804.html           已是标准尾部
  weixiaoli-recruit/report_20260805.html           已是标准尾部
  weixiaoli-recruit/report_20260806.html           已是标准尾部
  weixiaoli-recruit/report_20260807.html           已是标准尾部
  weixiaoli-recruit/report_20260909.html           已是标准尾部
  weixiaoli-recruit/report_20260910.html           已是标准尾部
  weixiaoli-recruit/report_20260911.html           已是标准尾部
  weixiaoli-recruit/report_20260912.html           已是标准尾部
  weixiaoli-recruit/report_20260913.html           已是标准尾部
  weixiaoli-recruit/report_20260914.html           已是标准尾部
  xiaomi-recruit/report_20260727.html              已是标准尾部
  xiaomi-recruit/report_20260728.html              已是标准尾部
  xiaomi-recruit/report_20260729.html              已是标准尾部
  xiaomi-recruit/report_20260730.html              已是标准尾部
  xiaomi-recruit/report_20260803.html              已是标准尾部
  xiaomi-recruit/report_20260804.html              已是标准尾部
  xiaomi-recruit/report_20260805.html              已是标准尾部
  xiaomi-recruit/report_20260806.html              已是标准尾部
  xiaomi-recruit/report_20260807.html              已是标准尾部
  xiaomi-recruit/report_20260909.html              已是标准尾部
  xiaomi-recruit/report_20260910.html              已是标准尾部
  xiaomi-recruit/report_20260911.html              已是标准尾部
  xiaomi-recruit/report_20260912.html              已是标准尾部
  xiaomi-recruit/report_20260913.html              已是标准尾部
  xiaomi-recruit/report_20260914.html              已是标准尾部
  xiaomi-recruit/report_20260915.html              已是标准尾部
